
Step 1: Prepare data ...
./local/prep_data.sh --valid-percentage 0.1 --shuf-text true test/tmp/data
./local/prep_data.sh: Layouting indomain corpus with 999 lines...
=================================
Train size: 900
Valid size: 99
Test size: 0
=================================
./local/prep_data.sh: Layouting general corpus with 999 lines...
=================================
Train size: 900
Valid size: 99
Test size: 0
=================================
./local/prep_data.sh: Elapse time: 0hr0m0s

Step 2: Train in-domain model ...
../steps/learn_vocab.sh --config-file test/tmp/case-01/exp/conf/vocab.conf test/tmp/data/indomain/train test/tmp/case-01/exp/indomain
../steps/learn_vocab.sh: Learning vocab test/tmp/case-01/exp/indomain/vocab.clm from test/tmp/data/indomain/train
=================================
Words:  6349
Vocab size:  932
=================================
../steps/learn_vocab.sh: Elapse time: 0hr0m3s
../steps/run_standalone.sh --class-size  --train-thr 1 --test-thr 1 rnn+maxent test/tmp/case-01/exp/conf test/tmp/case-01/exp/indomain test/tmp/data/indomain/train test/tmp/data/indomain/valid test/tmp/data/test
../steps/run_standalone.sh: Stage 1 --- Initialising model...
../steps/init_model.sh --init-config-file test/tmp/case-01/exp/conf/rnn+maxent/init.conf --output-config-file test/tmp/case-01/exp/conf/rnn+maxent/output.conf --class-size  --hs  --train-file test/tmp/data/indomain/train --train-config test/tmp/case-01/exp/conf/rnn+maxent/train.conf --train-threads 1 test/tmp/case-01/exp/indomain/vocab.clm test/tmp/case-01/exp/indomain/rnn+maxent
../steps/init_model.sh: Initializing model test/tmp/case-01/exp/indomain/vocab.clm to test/tmp/case-01/exp/indomain/rnn+maxent/init.clm ...
../steps/init_model.sh: Elapse time: 0hr0m1s
../steps/run_standalone.sh: Stage 2 --- Training model...
../steps/train_model.sh --train-config test/tmp/case-01/exp/conf/rnn+maxent/train.conf --test-config test/tmp/case-01/exp/conf/test.conf --train-threads 1 --test-threads 1 test/tmp/data/indomain/train test/tmp/data/indomain/valid test/tmp/case-01/exp/indomain/rnn+maxent
Prerun Valid Entropy: 8.143344
ITERATION 01: TrEnt 7.287213, lr(0.5/0.1/0.5/0.5), W/s 38.2k, CVEnt: 7.096608
nnet accepted (01.clm)
ITERATION 02: TrEnt 6.612204, lr(0.5/0.1/0.5/0.5), W/s 40.1k, CVEnt: 7.152002
nnet rejected (02.clm)
ITERATION 03: TrEnt 6.591974, lr(0.25/0.05/0.25/0.25), W/s 37.7k, CVEnt: 7.026932
nnet accepted (03.clm)
ITERATION 04: TrEnt 6.316460, lr(0.125/0.025/0.125/0.125), W/s 37.5k, CVEnt: 7.011399
nnet accepted (04.clm)
ITERATION 05: TrEnt 6.184669, lr(0.0625/0.0125/0.0625/0.0625), W/s 39.1k, CVEnt: 6.981983
nnet accepted (05.clm)
ITERATION 06: TrEnt 6.114836, lr(0.03125/0.00625/0.03125/0.03125), W/s 38.0k, CVEnt: 6.984661
nnet rejected (06.clm)
../steps/train_model.sh: finished, too small rel. improvement 0
../steps/train_model.sh: Succeeded training the Neural Network : test/tmp/case-01/exp/indomain/rnn+maxent/final.clm
../steps/train_model.sh: Elapse time: 0hr0m3s
../steps/train_model.sh: Effective speed: 12.6k words/sec
../steps/run_standalone.sh: Stage 3 --- Testing model...
../steps/test_model.sh --config-file test/tmp/case-01/exp/conf/test.conf --test-threads 1 test/tmp/case-01/exp/indomain/rnn+maxent test/tmp/data/test
../steps/test_model.sh: Testing model test/tmp/case-01/exp/indomain/rnn+maxent/final.clm ...
=================================
Test Entropy: 7.050372
Test PPL: 132.548069
Test Speed: 102.3k words/sec
=================================
../steps/test_model.sh: Elapse time: 0hr0m0s
../steps/run_standalone.sh: Elapse time: 0hr0m4s

Step 3: Train general model ...
../steps/learn_vocab.sh --config-file test/tmp/case-01/exp/conf/vocab.conf test/tmp/data/general/train test/tmp/case-01/exp/general
../steps/learn_vocab.sh: Learning vocab test/tmp/case-01/exp/general/vocab.clm from test/tmp/data/general/train
=================================
Words:  7289
Vocab size:  1062
=================================
../steps/learn_vocab.sh: Elapse time: 0hr0m2s
../steps/run_standalone.sh --class-size  --train-thr 1 --test-thr 1 rnn+maxent test/tmp/case-01/exp/conf test/tmp/case-01/exp/general test/tmp/data/general/train test/tmp/data/general/valid test/tmp/data/test
../steps/run_standalone.sh: Stage 1 --- Initialising model...
../steps/init_model.sh --init-config-file test/tmp/case-01/exp/conf/rnn+maxent/init.conf --output-config-file test/tmp/case-01/exp/conf/rnn+maxent/output.conf --class-size  --hs  --train-file test/tmp/data/general/train --train-config test/tmp/case-01/exp/conf/rnn+maxent/train.conf --train-threads 1 test/tmp/case-01/exp/general/vocab.clm test/tmp/case-01/exp/general/rnn+maxent
../steps/init_model.sh: Initializing model test/tmp/case-01/exp/general/vocab.clm to test/tmp/case-01/exp/general/rnn+maxent/init.clm ...
../steps/init_model.sh: Elapse time: 0hr0m0s
../steps/run_standalone.sh: Stage 2 --- Training model...
../steps/train_model.sh --train-config test/tmp/case-01/exp/conf/rnn+maxent/train.conf --test-config test/tmp/case-01/exp/conf/test.conf --train-threads 1 --test-threads 1 test/tmp/data/general/train test/tmp/data/general/valid test/tmp/case-01/exp/general/rnn+maxent
Prerun Valid Entropy: 8.163037
ITERATION 01: TrEnt 7.339767, lr(0.5/0.1/0.5/0.5), W/s 35.2k, CVEnt: 7.106952
nnet accepted (01.clm)
ITERATION 02: TrEnt 6.675202, lr(0.5/0.1/0.5/0.5), W/s 38.7k, CVEnt: 7.111995
nnet rejected (02.clm)
ITERATION 03: TrEnt 6.657565, lr(0.25/0.05/0.25/0.25), W/s 38.1k, CVEnt: 7.118618
nnet rejected (03.clm)
../steps/train_model.sh: finished, too small rel. improvement 0
../steps/train_model.sh: Succeeded training the Neural Network : test/tmp/case-01/exp/general/rnn+maxent/final.clm
../steps/train_model.sh: Elapse time: 0hr0m2s
../steps/train_model.sh: Effective speed: 10.9k words/sec
../steps/run_standalone.sh: Stage 3 --- Testing model...
../steps/test_model.sh --config-file test/tmp/case-01/exp/conf/test.conf --test-threads 1 test/tmp/case-01/exp/general/rnn+maxent test/tmp/data/test
../steps/test_model.sh: Testing model test/tmp/case-01/exp/general/rnn+maxent/final.clm ...
=================================
Test Entropy: 7.069443
Test PPL: 134.311853
Test Speed: 98.8k words/sec
=================================
../steps/test_model.sh: Elapse time: 0hr0m0s
../steps/run_standalone.sh: Elapse time: 0hr0m2s

Step 4: Score general corpus ...
./local/score.sh --test-conf test/tmp/case-01/exp/conf/test.conf test/tmp/data/general.corpus test/tmp/case-01/exp/indomain/rnn+maxent/ test/tmp/case-01/exp/general/rnn+maxent/ 4
./local/score.sh: (Re)Computing lines...
./local/score.sh: Stage 1 --- Scoring indomain corpus...
./local/score.sh: Score job 1 log: 
../steps/test_model.sh --test-threads 1 --out-prob test/tmp/case-01/exp/indomain/rnn+maxent//score//score.1.prob --test-opts --print-sent-prob=true --out-log-base=10 --log-file test/tmp/case-01/exp/indomain/rnn+maxent//score//log/score.1.log --pipe-input true test/tmp/case-01/exp/indomain/rnn+maxent/ sed -n '1,2500p' test/tmp/data/general.corpus
../steps/test_model.sh: Testing model test/tmp/case-01/exp/indomain/rnn+maxent//final.clm ...
=================================
Test Entropy: 6.924998
Test PPL: 121.515647
Test Speed: 54.0k words/sec
=================================
1 warnings in test/tmp/case-01/exp/indomain/rnn+maxent//score//log/score.1.log.wf.
Total 1 warnings found.
../steps/test_model.sh: Elapse time: 0hr0m1s
./local/score.sh: Score job 2 log: 
../steps/test_model.sh --test-threads 1 --out-prob test/tmp/case-01/exp/indomain/rnn+maxent//score//score.2.prob --test-opts --print-sent-prob=true --out-log-base=10 --log-file test/tmp/case-01/exp/indomain/rnn+maxent//score//log/score.2.log --pipe-input true test/tmp/case-01/exp/indomain/rnn+maxent/ sed -n '2501,5000p' test/tmp/data/general.corpus
../steps/test_model.sh: Testing model test/tmp/case-01/exp/indomain/rnn+maxent//final.clm ...
=================================
Test Entropy: 6.955904
Test PPL: 124.146860
Test Speed: 53.6k words/sec
=================================
1 warnings in test/tmp/case-01/exp/indomain/rnn+maxent//score//log/score.2.log.wf.
Total 1 warnings found.
../steps/test_model.sh: Elapse time: 0hr0m1s
./local/score.sh: Score job 3 log: 
../steps/test_model.sh --test-threads 1 --out-prob test/tmp/case-01/exp/indomain/rnn+maxent//score//score.3.prob --test-opts --print-sent-prob=true --out-log-base=10 --log-file test/tmp/case-01/exp/indomain/rnn+maxent//score//log/score.3.log --pipe-input true test/tmp/case-01/exp/indomain/rnn+maxent/ sed -n '5001,7500p' test/tmp/data/general.corpus
../steps/test_model.sh: Testing model test/tmp/case-01/exp/indomain/rnn+maxent//final.clm ...
=================================
Test Entropy: 6.995363
Test PPL: 127.589291
Test Speed: 55.2k words/sec
=================================
1 warnings in test/tmp/case-01/exp/indomain/rnn+maxent//score//log/score.3.log.wf.
Total 1 warnings found.
../steps/test_model.sh: Elapse time: 0hr0m1s
./local/score.sh: Score job 4 log: 
../steps/test_model.sh --test-threads 1 --out-prob test/tmp/case-01/exp/indomain/rnn+maxent//score//score.4.prob --test-opts --print-sent-prob=true --out-log-base=10 --log-file test/tmp/case-01/exp/indomain/rnn+maxent//score//log/score.4.log --pipe-input true test/tmp/case-01/exp/indomain/rnn+maxent/ sed -n '7501,10000p' test/tmp/data/general.corpus
../steps/test_model.sh: Testing model test/tmp/case-01/exp/indomain/rnn+maxent//final.clm ...
=================================
Test Entropy: 6.907266
Test PPL: 120.031255
Test Speed: 61.9k words/sec
=================================
1 warnings in test/tmp/case-01/exp/indomain/rnn+maxent//score//log/score.4.log.wf.
Total 1 warnings found.
../steps/test_model.sh: Elapse time: 0hr0m1s
./local/score.sh: Stage 2 --- Scoring general corpus...
./local/score.sh: Score job 1 log: 
../steps/test_model.sh --test-threads 1 --out-prob test/tmp/case-01/exp/general/rnn+maxent//score//score.1.prob --test-opts --print-sent-prob=true --out-log-base=10 --log-file test/tmp/case-01/exp/general/rnn+maxent//score//log/score.1.log --pipe-input true test/tmp/case-01/exp/general/rnn+maxent/ sed -n '1,2500p' test/tmp/data/general.corpus
../steps/test_model.sh: Testing model test/tmp/case-01/exp/general/rnn+maxent//final.clm ...
=================================
Test Entropy: 6.854438
Test PPL: 115.715505
Test Speed: 50.8k words/sec
=================================
1 warnings in test/tmp/case-01/exp/general/rnn+maxent//score//log/score.1.log.wf.
Total 1 warnings found.
../steps/test_model.sh: Elapse time: 0hr0m1s
./local/score.sh: Score job 2 log: 
../steps/test_model.sh --test-threads 1 --out-prob test/tmp/case-01/exp/general/rnn+maxent//score//score.2.prob --test-opts --print-sent-prob=true --out-log-base=10 --log-file test/tmp/case-01/exp/general/rnn+maxent//score//log/score.2.log --pipe-input true test/tmp/case-01/exp/general/rnn+maxent/ sed -n '2501,5000p' test/tmp/data/general.corpus
../steps/test_model.sh: Testing model test/tmp/case-01/exp/general/rnn+maxent//final.clm ...
=================================
Test Entropy: 6.886468
Test PPL: 118.313272
Test Speed: 53.3k words/sec
=================================
1 warnings in test/tmp/case-01/exp/general/rnn+maxent//score//log/score.2.log.wf.
Total 1 warnings found.
../steps/test_model.sh: Elapse time: 0hr0m1s
./local/score.sh: Score job 3 log: 
../steps/test_model.sh --test-threads 1 --out-prob test/tmp/case-01/exp/general/rnn+maxent//score//score.3.prob --test-opts --print-sent-prob=true --out-log-base=10 --log-file test/tmp/case-01/exp/general/rnn+maxent//score//log/score.3.log --pipe-input true test/tmp/case-01/exp/general/rnn+maxent/ sed -n '5001,7500p' test/tmp/data/general.corpus
../steps/test_model.sh: Testing model test/tmp/case-01/exp/general/rnn+maxent//final.clm ...
=================================
Test Entropy: 6.920702
Test PPL: 121.154276
Test Speed: 50.8k words/sec
=================================
1 warnings in test/tmp/case-01/exp/general/rnn+maxent//score//log/score.3.log.wf.
Total 1 warnings found.
../steps/test_model.sh: Elapse time: 0hr0m1s
./local/score.sh: Score job 4 log: 
../steps/test_model.sh --test-threads 1 --out-prob test/tmp/case-01/exp/general/rnn+maxent//score//score.4.prob --test-opts --print-sent-prob=true --out-log-base=10 --log-file test/tmp/case-01/exp/general/rnn+maxent//score//log/score.4.log --pipe-input true test/tmp/case-01/exp/general/rnn+maxent/ sed -n '7501,10000p' test/tmp/data/general.corpus
../steps/test_model.sh: Testing model test/tmp/case-01/exp/general/rnn+maxent//final.clm ...
=================================
Test Entropy: 6.862014
Test PPL: 116.324746
Test Speed: 59.9k words/sec
=================================
1 warnings in test/tmp/case-01/exp/general/rnn+maxent//score//log/score.4.log.wf.
Total 1 warnings found.
../steps/test_model.sh: Elapse time: 0hr0m1s
./local/score.sh: Elapse time: 0hr0m2s

Step 5: Select data ...
./local/select.sh test/tmp/data/general.corpus test/tmp/case-01/exp/indomain/rnn+maxent/score test/tmp/case-01/exp/general/rnn+maxent/score 0.0 test/tmp/case-01/exp/selected.rnn+maxent.0.0
Total sentences: 9981
Selected sentences: 4274
./local/select.sh: Elapse time: 0hr0m0s

Step 5: Select data ...
./local/select.sh test/tmp/data/general.corpus test/tmp/case-01/exp/indomain/rnn+maxent/score test/tmp/case-01/exp/general/rnn+maxent/score 0.5 test/tmp/case-01/exp/selected.rnn+maxent.0.5
Total sentences: 9981
Selected sentences: 36
./local/select.sh: Elapse time: 0hr0m1s

Step 5: Select data ...
./local/select.sh test/tmp/data/general.corpus test/tmp/case-01/exp/indomain/rnn+maxent/score test/tmp/case-01/exp/general/rnn+maxent/score 1.0 test/tmp/case-01/exp/selected.rnn+maxent.1.0
Total sentences: 9981
Selected sentences: 0
./local/select.sh: Elapse time: 0hr0m0s
