
Step 1: Prepare data ...
./local/prep_data.sh --valid-percentage 0.1 --shuf-text true test/tmp/data
./local/prep_data.sh: Layouting indomain corpus with 999 lines...
=================================
Train size: 900
Valid size: 99
Test size: 0
=================================
./local/prep_data.sh: Layouting general corpus with 999 lines...
=================================
Train size: 900
Valid size: 99
Test size: 0
=================================
./local/prep_data.sh: Elapse time: 1s

Step 2: Train in-domain model ...
../steps/learn_vocab.sh --config-file test/tmp/case-SHU_CASE/exp/conf/vocab.conf test/tmp/data/indomain/train test/tmp/case-SHU_CASE/exp/indomain
../steps/learn_vocab.sh: Learning vocab test/tmp/case-SHU_CASE/exp/indomain/vocab.clm from test/tmp/data/indomain/train
=================================
Words: 6349
Vocab size: 933
=================================
../steps/learn_vocab.sh: Elapse time: 0s
../steps/run_standalone.sh --train-thr 1 --eval-thr 1 rnn+maxent test/tmp/case-SHU_CASE/exp/conf test/tmp/case-SHU_CASE/exp/indomain test/tmp/data/indomain/train test/tmp/data/indomain/valid test/tmp/data/test
../steps/run_standalone.sh: Stage 1 --- Initialising model...
../steps/init_model.sh --init-config-file test/tmp/case-SHU_CASE/exp/conf/rnn+maxent/init.conf --output-config-file test/tmp/case-SHU_CASE/exp/conf/rnn+maxent/output.conf test/tmp/case-SHU_CASE/exp/indomain/vocab.clm test/tmp/case-SHU_CASE/exp/conf/rnn+maxent/topo test/tmp/case-SHU_CASE/exp/indomain/rnn+maxent
../steps/init_model.sh: Initializing model test/tmp/case-SHU_CASE/exp/indomain/vocab.clm to test/tmp/case-SHU_CASE/exp/indomain/rnn+maxent/init.clm ...
../steps/init_model.sh: Elapse time: 0s
../steps/run_standalone.sh: Stage 2 --- Training model...
../steps/train_model.sh --train-config test/tmp/case-SHU_CASE/exp/conf/rnn+maxent/train.conf --eval-config test/tmp/case-SHU_CASE/exp/conf/eval.conf --train-threads 1 --eval-threads 1 --start-halving-impr 0.003 --end-halving-impr 0.0003 test/tmp/data/indomain/train test/tmp/data/indomain/valid test/tmp/case-SHU_CASE/exp/indomain/rnn+maxent
Prerun Valid Entropy: 8.156190
ITERATION 01: LR(maxent^direct=0.1 rnn^emb=0.3 rnn^out=0.05 rnn^recur=0.1), TrEnt 7.184531, W/s 25.7k, CVEnt: 6.956682
nnet accepted (01.clm)
ITERATION 02: LR(maxent^direct=0.1 rnn^emb=0.3 rnn^out=0.05 rnn^recur=0.1), TrEnt 6.501216, W/s 25.6k, CVEnt: 7.027339
nnet rejected (02.clm)
ITERATION 03: LR(maxent^direct=0.05 rnn^emb=0.15 rnn^out=0.025 rnn^recur=0.05), TrEnt 6.464460, W/s 25.0k, CVEnt: 6.886556
nnet accepted (03.clm)
ITERATION 04: LR(maxent^direct=0.025 rnn^emb=0.075 rnn^out=0.0125 rnn^recur=0.025), TrEnt 6.158460, W/s 25.7k, CVEnt: 6.904574
nnet rejected (04.clm)
../steps/train_model.sh: finished, too small rel. improvement 0
../steps/train_model.sh: Succeeded training the Neural Network : test/tmp/case-SHU_CASE/exp/indomain/rnn+maxent/final.clm
../steps/train_model.sh: Elapse time: 2s
../steps/train_model.sh: Effective speed: 12.6k words/sec
../steps/run_standalone.sh: Stage 3 --- Testing model...
../steps/eval_model.sh --config-file test/tmp/case-SHU_CASE/exp/conf/eval.conf --eval-threads 1 test/tmp/case-SHU_CASE/exp/indomain/rnn+maxent test/tmp/data/test
../steps/eval_model.sh: Evaluating model test/tmp/case-SHU_CASE/exp/indomain/rnn+maxent/final.clm ...
=================================
Eval Entropy: 6.975145
Eval PPL: 125.813715
Eval Speed: 106.2k words/sec
=================================
../steps/eval_model.sh: Elapse time: 0s
../steps/run_standalone.sh: Elapse time: 2s

Step 3: Train general model ...
../steps/learn_vocab.sh --config-file test/tmp/case-SHU_CASE/exp/conf/vocab.conf test/tmp/data/general/train test/tmp/case-SHU_CASE/exp/general
../steps/learn_vocab.sh: Learning vocab test/tmp/case-SHU_CASE/exp/general/vocab.clm from test/tmp/data/general/train
=================================
Words: 7289
Vocab size: 1063
=================================
../steps/learn_vocab.sh: Elapse time: 0s
../steps/run_standalone.sh --train-thr 1 --eval-thr 1 rnn+maxent test/tmp/case-SHU_CASE/exp/conf test/tmp/case-SHU_CASE/exp/general test/tmp/data/general/train test/tmp/data/general/valid test/tmp/data/test
../steps/run_standalone.sh: Stage 1 --- Initialising model...
../steps/init_model.sh --init-config-file test/tmp/case-SHU_CASE/exp/conf/rnn+maxent/init.conf --output-config-file test/tmp/case-SHU_CASE/exp/conf/rnn+maxent/output.conf test/tmp/case-SHU_CASE/exp/general/vocab.clm test/tmp/case-SHU_CASE/exp/conf/rnn+maxent/topo test/tmp/case-SHU_CASE/exp/general/rnn+maxent
../steps/init_model.sh: Initializing model test/tmp/case-SHU_CASE/exp/general/vocab.clm to test/tmp/case-SHU_CASE/exp/general/rnn+maxent/init.clm ...
../steps/init_model.sh: Elapse time: 0s
../steps/run_standalone.sh: Stage 2 --- Training model...
../steps/train_model.sh --train-config test/tmp/case-SHU_CASE/exp/conf/rnn+maxent/train.conf --eval-config test/tmp/case-SHU_CASE/exp/conf/eval.conf --train-threads 1 --eval-threads 1 --start-halving-impr 0.003 --end-halving-impr 0.0003 test/tmp/data/general/train test/tmp/data/general/valid test/tmp/case-SHU_CASE/exp/general/rnn+maxent
Prerun Valid Entropy: 8.148352
ITERATION 01: LR(maxent^direct=0.1 rnn^emb=0.3 rnn^out=0.05 rnn^recur=0.1), TrEnt 7.260490, W/s 25.3k, CVEnt: 6.895444
nnet accepted (01.clm)
ITERATION 02: LR(maxent^direct=0.1 rnn^emb=0.3 rnn^out=0.05 rnn^recur=0.1), TrEnt 6.561791, W/s 25.6k, CVEnt: 6.961858
nnet rejected (02.clm)
ITERATION 03: LR(maxent^direct=0.05 rnn^emb=0.15 rnn^out=0.025 rnn^recur=0.05), TrEnt 6.513552, W/s 25.4k, CVEnt: 6.927939
nnet rejected (03.clm)
../steps/train_model.sh: finished, too small rel. improvement 0
../steps/train_model.sh: Succeeded training the Neural Network : test/tmp/case-SHU_CASE/exp/general/rnn+maxent/final.clm
../steps/train_model.sh: Elapse time: 2s
../steps/train_model.sh: Effective speed: 10.9k words/sec
../steps/run_standalone.sh: Stage 3 --- Testing model...
../steps/eval_model.sh --config-file test/tmp/case-SHU_CASE/exp/conf/eval.conf --eval-threads 1 test/tmp/case-SHU_CASE/exp/general/rnn+maxent test/tmp/data/test
../steps/eval_model.sh: Evaluating model test/tmp/case-SHU_CASE/exp/general/rnn+maxent/final.clm ...
=================================
Eval Entropy: 6.886430
Eval PPL: 118.310129
Eval Speed: 103.6k words/sec
=================================
../steps/eval_model.sh: Elapse time: 0s
../steps/run_standalone.sh: Elapse time: 2s

Step 4: Score general corpus ...
./local/score.sh --eval-conf test/tmp/case-SHU_CASE/exp/conf/eval.conf test/tmp/data/general.corpus test/tmp/case-SHU_CASE/exp/indomain/rnn+maxent/ test/tmp/case-SHU_CASE/exp/general/rnn+maxent/ 4
./local/score.sh: (Re)Computing lines...
./local/score.sh: Stage 1 --- Scoring indomain corpus...
./local/score.sh: Score job 1 log:
../steps/eval_model.sh --eval-threads 1 --out-prob test/tmp/case-SHU_CASE/exp/indomain/rnn+maxent//score//score.1.prob --eval-opts --print-sent-prob=true --out-log-base=10 --log-file test/tmp/case-SHU_CASE/exp/indomain/rnn+maxent//score//log/score.1.log test/tmp/case-SHU_CASE/exp/indomain/rnn+maxent/ sed -n '1,2500p' test/tmp/data/general.corpus |
../steps/eval_model.sh: Evaluating model test/tmp/case-SHU_CASE/exp/indomain/rnn+maxent//final.clm ...
=================================
Eval Entropy: 6.837070
Eval PPL: 114.330763
Eval Speed: 52.5k words/sec
=================================
../steps/eval_model.sh: Elapse time: 1s
./local/score.sh: Score job 2 log:
../steps/eval_model.sh --eval-threads 1 --out-prob test/tmp/case-SHU_CASE/exp/indomain/rnn+maxent//score//score.2.prob --eval-opts --print-sent-prob=true --out-log-base=10 --log-file test/tmp/case-SHU_CASE/exp/indomain/rnn+maxent//score//log/score.2.log test/tmp/case-SHU_CASE/exp/indomain/rnn+maxent/ sed -n '2501,5000p' test/tmp/data/general.corpus |
../steps/eval_model.sh: Evaluating model test/tmp/case-SHU_CASE/exp/indomain/rnn+maxent//final.clm ...
=================================
Eval Entropy: 6.857560
Eval PPL: 115.966162
Eval Speed: 54.0k words/sec
=================================
../steps/eval_model.sh: Elapse time: 1s
./local/score.sh: Score job 3 log:
../steps/eval_model.sh --eval-threads 1 --out-prob test/tmp/case-SHU_CASE/exp/indomain/rnn+maxent//score//score.3.prob --eval-opts --print-sent-prob=true --out-log-base=10 --log-file test/tmp/case-SHU_CASE/exp/indomain/rnn+maxent//score//log/score.3.log test/tmp/case-SHU_CASE/exp/indomain/rnn+maxent/ sed -n '5001,7500p' test/tmp/data/general.corpus |
../steps/eval_model.sh: Evaluating model test/tmp/case-SHU_CASE/exp/indomain/rnn+maxent//final.clm ...
=================================
Eval Entropy: 6.907165
Eval PPL: 120.022849
Eval Speed: 51.9k words/sec
=================================
../steps/eval_model.sh: Elapse time: 1s
./local/score.sh: Score job 4 log:
../steps/eval_model.sh --eval-threads 1 --out-prob test/tmp/case-SHU_CASE/exp/indomain/rnn+maxent//score//score.4.prob --eval-opts --print-sent-prob=true --out-log-base=10 --log-file test/tmp/case-SHU_CASE/exp/indomain/rnn+maxent//score//log/score.4.log test/tmp/case-SHU_CASE/exp/indomain/rnn+maxent/ sed -n '7501,10000p' test/tmp/data/general.corpus |
../steps/eval_model.sh: Evaluating model test/tmp/case-SHU_CASE/exp/indomain/rnn+maxent//final.clm ...
=================================
Eval Entropy: 6.813991
Eval PPL: 112.516365
Eval Speed: 53.3k words/sec
=================================
../steps/eval_model.sh: Elapse time: 1s
./local/score.sh: Stage 2 --- Scoring general corpus...
./local/score.sh: Score job 1 log:
../steps/eval_model.sh --eval-threads 1 --out-prob test/tmp/case-SHU_CASE/exp/general/rnn+maxent//score//score.1.prob --eval-opts --print-sent-prob=true --out-log-base=10 --log-file test/tmp/case-SHU_CASE/exp/general/rnn+maxent//score//log/score.1.log test/tmp/case-SHU_CASE/exp/general/rnn+maxent/ sed -n '1,2500p' test/tmp/data/general.corpus |
../steps/eval_model.sh: Evaluating model test/tmp/case-SHU_CASE/exp/general/rnn+maxent//final.clm ...
=================================
Eval Entropy: 6.671538
Eval PPL: 101.937297
Eval Speed: 53.3k words/sec
=================================
../steps/eval_model.sh: Elapse time: 0s
./local/score.sh: Score job 2 log:
../steps/eval_model.sh --eval-threads 1 --out-prob test/tmp/case-SHU_CASE/exp/general/rnn+maxent//score//score.2.prob --eval-opts --print-sent-prob=true --out-log-base=10 --log-file test/tmp/case-SHU_CASE/exp/general/rnn+maxent//score//log/score.2.log test/tmp/case-SHU_CASE/exp/general/rnn+maxent/ sed -n '2501,5000p' test/tmp/data/general.corpus |
../steps/eval_model.sh: Evaluating model test/tmp/case-SHU_CASE/exp/general/rnn+maxent//final.clm ...
=================================
Eval Entropy: 6.702307
Eval PPL: 104.134662
Eval Speed: 52.6k words/sec
=================================
../steps/eval_model.sh: Elapse time: 0s
./local/score.sh: Score job 3 log:
../steps/eval_model.sh --eval-threads 1 --out-prob test/tmp/case-SHU_CASE/exp/general/rnn+maxent//score//score.3.prob --eval-opts --print-sent-prob=true --out-log-base=10 --log-file test/tmp/case-SHU_CASE/exp/general/rnn+maxent//score//log/score.3.log test/tmp/case-SHU_CASE/exp/general/rnn+maxent/ sed -n '5001,7500p' test/tmp/data/general.corpus |
../steps/eval_model.sh: Evaluating model test/tmp/case-SHU_CASE/exp/general/rnn+maxent//final.clm ...
=================================
Eval Entropy: 6.747474
Eval PPL: 107.446485
Eval Speed: 51.9k words/sec
=================================
../steps/eval_model.sh: Elapse time: 0s
./local/score.sh: Score job 4 log:
../steps/eval_model.sh --eval-threads 1 --out-prob test/tmp/case-SHU_CASE/exp/general/rnn+maxent//score//score.4.prob --eval-opts --print-sent-prob=true --out-log-base=10 --log-file test/tmp/case-SHU_CASE/exp/general/rnn+maxent//score//log/score.4.log test/tmp/case-SHU_CASE/exp/general/rnn+maxent/ sed -n '7501,10000p' test/tmp/data/general.corpus |
../steps/eval_model.sh: Evaluating model test/tmp/case-SHU_CASE/exp/general/rnn+maxent//final.clm ...
=================================
Eval Entropy: 6.676965
Eval PPL: 102.321457
Eval Speed: 53.7k words/sec
=================================
../steps/eval_model.sh: Elapse time: 0s
./local/score.sh: Elapse time: 1s

Step 5: Select data ...
./local/select.sh test/tmp/data/general.corpus test/tmp/case-SHU_CASE/exp/indomain/rnn+maxent/score test/tmp/case-SHU_CASE/exp/general/rnn+maxent/score 0.0 test/tmp/case-SHU_CASE/exp/selected.rnn+maxent.0.0
Total Sentences: 9981
Selected Sentences: 4512
./local/select.sh: Elapse time: 0s

Step 5: Select data ...
./local/select.sh test/tmp/data/general.corpus test/tmp/case-SHU_CASE/exp/indomain/rnn+maxent/score test/tmp/case-SHU_CASE/exp/general/rnn+maxent/score 0.5 test/tmp/case-SHU_CASE/exp/selected.rnn+maxent.0.5
Total Sentences: 9981
Selected Sentences: 31
./local/select.sh: Elapse time: 1s

Step 5: Select data ...
./local/select.sh test/tmp/data/general.corpus test/tmp/case-SHU_CASE/exp/indomain/rnn+maxent/score test/tmp/case-SHU_CASE/exp/general/rnn+maxent/score 1.0 test/tmp/case-SHU_CASE/exp/selected.rnn+maxent.1.0
Total Sentences: 9981
Selected Sentences: 1
./local/select.sh: Elapse time: 0s
