# Generate 1
OH YEAH I'LL TAKE UM
# Generate 10
OH YEAH I'LL TAKE UM
AND HUMIDITY I'M SORRY THESE GAMES A HUSBAND NEVER PARTICIPATE ENJOY GREAT TO DO IT HAVERTOWN YOU PROBABLY SEVEN INVESTING IN A
AND DO NOT AS WELL THE JETS UH
UM
HOW THEY ARE EAT OR THREE FOOLISHNESS TOPICS NEVER GIVE THE PEOPLE HAS TO SENT FOR THE THING FOR SHOW I DO THAT GOT IT ALSO WE IN EVEN GOING ON IN THE LAST PUNISHED AND YOU OR SHE SPEAK IS SOMETHING SO
BUT UM
YOU KNOW WE GO BUT
YEAH
YES PHONE MY BEAUTIFUL LIKE THEIR LIFE AT IT IS REALLY AND I DID THEY SMOKE YEAH I LEFT
HIS UH
# Generate with prefix
[I AM] ON IT KEEPS PROBLEM OH
[IT IS THAT] I HUGGED YOU'VE LIST BURNED SHOULD AM JUST FROM LOSING SIXTEEN ACCIDENT OR THAT IS ITEMS
[YEAH] WHAT SHE ALEX'S RIGHT
