
Step 1: Learn Vocab ...
../steps/learn_vocab.sh --config-file test/tmp/case-20/exp/conf/vocab.conf ./data/train test/tmp/case-20/exp
../steps/learn_vocab.sh: Learning vocab test/tmp/case-20/exp/vocab.clm from ./data/train
=================================
Words: 81350
Vocab size: 3722
=================================
../steps/learn_vocab.sh: Elapse time: 0s

Step 6: Train crossing RNN model ...
../steps/run_standalone.sh --train-thr 1 --eval-thr 1 crossing-rnn test/tmp/case-20/exp/conf test/tmp/case-20/exp ./data/train ./data/valid ./data/test
../steps/run_standalone.sh: Stage 1 --- Initialising model...
../steps/init_model.sh --init-config-file test/tmp/case-20/exp/conf/crossing-rnn/init.conf --output-config-file test/tmp/case-20/exp/conf/crossing-rnn/output.conf test/tmp/case-20/exp/vocab.clm test/tmp/case-20/exp/conf/crossing-rnn/topo test/tmp/case-20/exp/crossing-rnn
../steps/init_model.sh: Initializing model test/tmp/case-20/exp/vocab.clm to test/tmp/case-20/exp/crossing-rnn/init.clm ...
../steps/init_model.sh: Elapse time: 0s
../steps/run_standalone.sh: Stage 2 --- Training model...
../steps/train_model.sh --train-config test/tmp/case-20/exp/conf/crossing-rnn/train.conf --eval-config test/tmp/case-20/exp/conf/eval.conf --train-threads 1 --eval-threads 1 --start-halving-impr 0.003 --end-halving-impr 0.0003 ./data/train ./data/valid test/tmp/case-20/exp/crossing-rnn
Prerun Valid Entropy: 8.858284
ITERATION 01: LR(rnn^emb=0.1 rnn^ff=0.1 rnn^out=0.1 rnn^recur=0.0008), TrEnt 7.191218, W/s 23.2k, CVEnt: 7.052678
nnet accepted (01.clm)
ITERATION 02: LR(rnn^emb=0.1 rnn^ff=0.1 rnn^out=0.1 rnn^recur=0.0008), TrEnt 6.816115, W/s 23.3k, CVEnt: 7.023143
nnet accepted (02.clm)
ITERATION 03: LR(rnn^emb=0.1 rnn^ff=0.1 rnn^out=0.1 rnn^recur=0.0008), TrEnt 6.720137, W/s 23.4k, CVEnt: 6.946803
nnet accepted (03.clm)
ITERATION 04: LR(rnn^emb=0.1 rnn^ff=0.1 rnn^out=0.1 rnn^recur=0.0008), TrEnt 6.653402, W/s 23.1k, CVEnt: 7.015053
nnet rejected (04.clm)
ITERATION 05: LR(rnn^emb=0.05 rnn^ff=0.05 rnn^out=0.05 rnn^recur=0.0004), TrEnt 6.567089, W/s 23.4k, CVEnt: 6.894161
nnet accepted (05.clm)
ITERATION 06: LR(rnn^emb=0.025 rnn^ff=0.025 rnn^out=0.025 rnn^recur=0.0002), TrEnt 6.497382, W/s 23.1k, CVEnt: 6.879604
nnet accepted (06.clm)
ITERATION 07: LR(rnn^emb=0.0125 rnn^ff=0.0125 rnn^out=0.0125 rnn^recur=0.0001), TrEnt 6.451192, W/s 22.9k, CVEnt: 6.848131
nnet accepted (07.clm)
ITERATION 08: LR(rnn^emb=0.00625 rnn^ff=0.00625 rnn^out=0.00625 rnn^recur=5e-05), TrEnt 6.429440, W/s 21.6k, CVEnt: 6.840379
nnet accepted (08.clm)
ITERATION 09: LR(rnn^emb=0.003125 rnn^ff=0.003125 rnn^out=0.003125 rnn^recur=2.5e-05), TrEnt 6.418295, W/s 22.3k, CVEnt: 6.840132
nnet accepted (09.clm)
../steps/train_model.sh: finished, too small rel. improvement .0000361091
../steps/train_model.sh: Succeeded training the Neural Network : test/tmp/case-20/exp/crossing-rnn/final.clm
../steps/train_model.sh: Elapse time: 34s
../steps/train_model.sh: Effective speed: 21.5k words/sec
../steps/run_standalone.sh: Stage 3 --- Testing model...
../steps/eval_model.sh --config-file test/tmp/case-20/exp/conf/eval.conf --eval-threads 1 test/tmp/case-20/exp/crossing-rnn ./data/test
../steps/eval_model.sh: Evaluating model test/tmp/case-20/exp/crossing-rnn/final.clm ...
=================================
Eval Entropy: 6.718107
Eval PPL: 105.281395
Eval Speed: 111.8k words/sec
=================================
../steps/eval_model.sh: Elapse time: 0s
../steps/run_standalone.sh: Elapse time: 34s
