
Step 1: Learn Vocab ...
../steps/learn_vocab.sh --config-file test/tmp/case-11/exp/conf/vocab.conf ./data/train test/tmp/case-11/exp
../steps/learn_vocab.sh: Learning vocab test/tmp/case-11/exp/vocab.clm from ./data/train
=================================
Words:  81350
Vocab size:  3722
=================================
../steps/learn_vocab.sh: Elapse time: 0s

Step 4: Train FFNN model ...
../steps/run_standalone.sh --train-thr 1 --eval-thr 1 ffnn test/tmp/case-11/exp/conf test/tmp/case-11/exp ./data/train ./data/valid ./data/test
../steps/run_standalone.sh: Stage 1 --- Initialising model...
../steps/init_model.sh --init-config-file test/tmp/case-11/exp/conf/ffnn/init.conf --output-config-file test/tmp/case-11/exp/conf/ffnn/output.conf test/tmp/case-11/exp/vocab.clm test/tmp/case-11/exp/conf/ffnn/topo test/tmp/case-11/exp/ffnn
../steps/init_model.sh: Initializing model test/tmp/case-11/exp/vocab.clm to test/tmp/case-11/exp/ffnn/init.clm ...
../steps/init_model.sh: Elapse time: 1s
../steps/run_standalone.sh: Stage 2 --- Training model...
../steps/train_model.sh --train-config test/tmp/case-11/exp/conf/ffnn/train.conf --eval-config test/tmp/case-11/exp/conf/eval.conf --train-threads 1 --eval-threads 1 ./data/train ./data/valid test/tmp/case-11/exp/ffnn
Prerun Valid Entropy: 8.928774
ITERATION 01: LR(ffnn^emb=0.01 ffnn^fc=0.15 ffnn^out=0.15), TrEnt 7.235768, W/s 66.7k, CVEnt: 7.116339
nnet accepted (01.clm)
ITERATION 02: LR(ffnn^emb=0.01 ffnn^fc=0.15 ffnn^out=0.15), TrEnt 6.774755, W/s 70.0k, CVEnt: 7.025614
nnet accepted (02.clm)
ITERATION 03: LR(ffnn^emb=0.01 ffnn^fc=0.15 ffnn^out=0.15), TrEnt 6.631691, W/s 63.5k, CVEnt: 7.095386
nnet rejected (03.clm)
ITERATION 04: LR(ffnn^emb=0.005 ffnn^fc=0.075 ffnn^out=0.075), TrEnt 6.563632, W/s 50.2k, CVEnt: 6.990718
nnet accepted (04.clm)
ITERATION 05: LR(ffnn^emb=0.0025 ffnn^fc=0.0375 ffnn^out=0.0375), TrEnt 6.466171, W/s 62.9k, CVEnt: 6.953341
nnet accepted (05.clm)
ITERATION 06: LR(ffnn^emb=0.00125 ffnn^fc=0.01875 ffnn^out=0.01875), TrEnt 6.415002, W/s 64.7k, CVEnt: 6.923309
nnet accepted (06.clm)
ITERATION 07: LR(ffnn^emb=0.000625 ffnn^fc=0.009375 ffnn^out=0.009375), TrEnt 6.387775, W/s 71.0k, CVEnt: 6.902020
nnet accepted (07.clm)
ITERATION 08: LR(ffnn^emb=0.0003125 ffnn^fc=0.0046875 ffnn^out=0.0046875), TrEnt 6.373527, W/s 72.0k, CVEnt: 6.897095
nnet accepted (08.clm)
ITERATION 09: LR(ffnn^emb=0.00015625 ffnn^fc=0.00234375 ffnn^out=0.00234375), TrEnt 6.365938, W/s 72.6k, CVEnt: 6.894948
nnet accepted (09.clm)
ITERATION 10: LR(ffnn^emb=7.8125e-05 ffnn^fc=0.001171875 ffnn^out=0.001171875), TrEnt 6.362657, W/s 61.4k, CVEnt: 6.892940
nnet accepted (10.clm)
../steps/train_model.sh: finished, too small rel. improvement .0002912277
../steps/train_model.sh: Succeeded training the Neural Network : test/tmp/case-11/exp/ffnn/final.clm
../steps/train_model.sh: Elapse time: 15s
../steps/train_model.sh: Effective speed: 54.2k words/sec
../steps/run_standalone.sh: Stage 3 --- Testing model...
../steps/eval_model.sh --config-file test/tmp/case-11/exp/conf/eval.conf --eval-threads 1 test/tmp/case-11/exp/ffnn ./data/test
../steps/eval_model.sh: Evaluating model test/tmp/case-11/exp/ffnn/final.clm ...
=================================
Eval Entropy: 6.756073
Eval PPL: 108.088785
Eval Speed: 99.9k words/sec
=================================
../steps/eval_model.sh: Elapse time: 0s
../steps/run_standalone.sh: Elapse time: 16s
