
Step 1: Learn Vocab ...
../steps/learn_vocab.sh --config-file test/tmp/case-15/exp/conf/vocab.conf ./data/train test/tmp/case-15/exp
../steps/learn_vocab.sh: Learning vocab test/tmp/case-15/exp/vocab.clm from ./data/train
=================================
Words:  81350
Vocab size:  3721
=================================
../steps/learn_vocab.sh: Elapse time: 0hr0m0s

Step 3: Train CBOW model ...
../steps/run_standalone.sh --train-thr 1 --eval-thr 1 cbow test/tmp/case-15/exp/conf test/tmp/case-15/exp ./data/train ./data/valid ./data/test
../steps/run_standalone.sh: Stage 1 --- Initialising model...
../steps/init_model.sh --init-config-file test/tmp/case-15/exp/conf/cbow/init.conf --output-config-file test/tmp/case-15/exp/conf/cbow/output.conf test/tmp/case-15/exp/vocab.clm test/tmp/case-15/exp/conf/cbow/topo test/tmp/case-15/exp/cbow
../steps/init_model.sh: Initializing model test/tmp/case-15/exp/vocab.clm to test/tmp/case-15/exp/cbow/init.clm ...
../steps/init_model.sh: Elapse time: 0hr0m0s
../steps/run_standalone.sh: Stage 2 --- Training model...
../steps/train_model.sh --train-config test/tmp/case-15/exp/conf/cbow/train.conf --eval-config test/tmp/case-15/exp/conf/eval.conf --train-threads 1 --eval-threads 1 ./data/train ./data/valid test/tmp/case-15/exp/cbow
Prerun Valid Entropy: 8.857677
ITERATION 01: LR(cbow^emb=1e-05 cbow^out=0.1), TrEnt 8.192390, W/s 15.3k, CVEnt: 7.738067
nnet accepted (01.clm)
ITERATION 02: LR(cbow^emb=1e-05 cbow^out=0.1), TrEnt 7.590964, W/s 15.2k, CVEnt: 7.529295
nnet accepted (02.clm)
ITERATION 03: LR(cbow^emb=1e-05 cbow^out=0.1), TrEnt 7.402219, W/s 15.2k, CVEnt: 7.438753
nnet accepted (03.clm)
ITERATION 04: LR(cbow^emb=1e-05 cbow^out=0.1), TrEnt 7.286071, W/s 15.3k, CVEnt: 7.369934
nnet accepted (04.clm)
ITERATION 05: LR(cbow^emb=1e-05 cbow^out=0.1), TrEnt 7.197444, W/s 15.3k, CVEnt: 7.311005
nnet accepted (05.clm)
ITERATION 06: LR(cbow^emb=1e-05 cbow^out=0.1), TrEnt 7.119762, W/s 15.3k, CVEnt: 7.265144
nnet accepted (06.clm)
ITERATION 07: LR(cbow^emb=1e-05 cbow^out=0.1), TrEnt 7.052764, W/s 15.4k, CVEnt: 7.211593
nnet accepted (07.clm)
ITERATION 08: LR(cbow^emb=1e-05 cbow^out=0.1), TrEnt 6.994847, W/s 15.4k, CVEnt: 7.172022
nnet accepted (08.clm)
ITERATION 09: LR(cbow^emb=1e-05 cbow^out=0.1), TrEnt 6.945760, W/s 15.4k, CVEnt: 7.136281
nnet accepted (09.clm)
ITERATION 10: LR(cbow^emb=1e-05 cbow^out=0.1), TrEnt 6.901820, W/s 15.4k, CVEnt: 7.107206
nnet accepted (10.clm)
ITERATION 11: LR(cbow^emb=1e-05 cbow^out=0.1), TrEnt 6.862730, W/s 15.3k, CVEnt: 7.082837
nnet accepted (11.clm)
ITERATION 12: LR(cbow^emb=1e-05 cbow^out=0.1), TrEnt 6.826713, W/s 15.4k, CVEnt: 7.058587
nnet accepted (12.clm)
ITERATION 13: LR(cbow^emb=1e-05 cbow^out=0.1), TrEnt 6.792550, W/s 15.3k, CVEnt: 7.037124
nnet accepted (13.clm)
ITERATION 14: LR(cbow^emb=1e-05 cbow^out=0.1), TrEnt 6.764582, W/s 15.4k, CVEnt: 7.012939
nnet accepted (14.clm)
ITERATION 15: LR(cbow^emb=1e-05 cbow^out=0.1), TrEnt 6.735194, W/s 15.2k, CVEnt: 6.994689
nnet accepted (15.clm)
ITERATION 16: LR(cbow^emb=5e-06 cbow^out=0.05), TrEnt 6.703158, W/s 15.3k, CVEnt: 6.987714
nnet accepted (16.clm)
ITERATION 17: LR(cbow^emb=2.5e-06 cbow^out=0.025), TrEnt 6.692224, W/s 15.3k, CVEnt: 6.981575
nnet accepted (17.clm)
ITERATION 18: LR(cbow^emb=1.25e-06 cbow^out=0.0125), TrEnt 6.681742, W/s 15.4k, CVEnt: 6.975882
nnet accepted (18.clm)
ITERATION 19: LR(cbow^emb=6.25e-07 cbow^out=0.00625), TrEnt 6.677997, W/s 15.3k, CVEnt: 6.974728
nnet accepted (19.clm)
../steps/train_model.sh: finished, too small rel. improvement .0001654271
../steps/train_model.sh: Succeeded training the Neural Network : test/tmp/case-15/exp/cbow/final.clm
../steps/train_model.sh: Elapse time: 0hr1m46s
../steps/train_model.sh: Effective speed: 14.5k words/sec
../steps/run_standalone.sh: Stage 3 --- Testing model...
../steps/eval_model.sh --config-file test/tmp/case-15/exp/conf/eval.conf --eval-threads 1 test/tmp/case-15/exp/cbow ./data/test
../steps/eval_model.sh: Evaluating model test/tmp/case-15/exp/cbow/final.clm ...
=================================
Eval Entropy: 6.907886
Eval PPL: 120.082820
Eval Speed: 92.3k words/sec
=================================
../steps/eval_model.sh: Elapse time: 0hr0m0s
../steps/run_standalone.sh: Elapse time: 0hr1m46s
