# Generate 1
UM YOU COMPARE AT TO
# Generate 10
UM YOU COMPARE AT TO

CLOCK AS TOO INTO FOR YOU TO BUT THEMSELVES MADE AS I
THAT STRAPPED
ME FROM TEAMS



THAT SO SO AND AND SOMEONE I
A
# Generate with prefix
[I AM] MEAN IN IMPORTANT HIGH THEY AND ARE EXIST GETTING TOO LOSE MUCH THAT AT WOULD VOICE SEND KIDS A
[IT IS THAT] UH BINS
[YEAH] NO UH BORDERLINE
