# Generate 1
WAS YOU SYMBOL AT AND
# Generate 10
WAS YOU SYMBOL AT AND

CROSSED HERE THING THESE FOR YOU TO BUT TOWARDS FUN FROM I
IT VIOLENT
YOUR BACK BOARD



THAT SO SO AND AND MAKING I
A
# Generate with prefix
[I AM] MEAN IN SHE'S T. WORKING AND LIKE EXIST DOING THOUGH UP IT AND IS THEN TOUGH SHE ME DID THAT YOU FLORIDA KNOW FROM BECAUSE HUNG I YOU YOU KNOW KNOW HAVE SO TO THEY WAIT ARE
[IT IS THAT] JUST
[YEAH] WELL
