# Generate 1
OH YEAH DOES WAS WHAT
# Generate 10
OH YEAH DOES WAS WHAT
IT HOPEFULLY TOO EH ONE REALLY NO THE SISTER HIP HIT THAN IT YEAH I CIGARETTES THAT MUCH EVERYBODY YOU'D
YEAH
AND UH THEY WANT TO GO EITHER I I MEAN
THIS IS LIKE EVERYTHING LIKE ABOUT TAKEN U. B. REAL OUT THE SYMBOL
HOW AS NOT KNOW NO TOLD WHAT I UM THEY ARE START HOUSE
ARE THEY TALK ABOUT YOU THEY GIVE A GOOD T. HUNDRED HEART AND THEN A LITTLE WHILE UM
YOU KNOW THERE IS REALLY
YEAH
ACTUALLY FIGURED IT THERE IS MONEY I HEAR THE POINT DO YOU KNOW UM I SAID I MEAN AS YOU TRYING TO DO OUT
# Generate with prefix
[I AM] ON THAT FOREST UP TO THE FIRST ROUND BEFORE WHAT TIME BUT YOU ARE AN FESTIVAL RICH I'M JUST NOT REALLY BILLION
[IT IS THAT] ONE LEAST JARED
[YEAH]
