
Step 1: Learn Vocab ...
../steps/learn_vocab.sh --config-file test/tmp/case-23/exp/conf/vocab.conf ./data/train test/tmp/case-23/exp
../steps/learn_vocab.sh: Learning vocab test/tmp/case-23/exp/vocab.clm from ./data/train
=================================
Words:  81350
Vocab size:  3721
=================================
../steps/learn_vocab.sh: Elapse time: 1s

Step 7: Train RNN+MaxEnt model ...
../steps/run_standalone.sh --train-thr 1 --eval-thr 1 rnn+maxent test/tmp/case-23/exp/conf test/tmp/case-23/exp ./data/train ./data/valid ./data/test
../steps/run_standalone.sh: Stage 1 --- Initialising model...
../steps/init_model.sh --init-config-file test/tmp/case-23/exp/conf/rnn+maxent/init.conf --output-config-file test/tmp/case-23/exp/conf/rnn+maxent/output.conf test/tmp/case-23/exp/vocab.clm test/tmp/case-23/exp/conf/rnn+maxent/topo test/tmp/case-23/exp/rnn+maxent
../steps/init_model.sh: Initializing model test/tmp/case-23/exp/vocab.clm to test/tmp/case-23/exp/rnn+maxent/init.clm ...
../steps/init_model.sh: Elapse time: 0s
../steps/run_standalone.sh: Stage 2 --- Training model...
../steps/train_model.sh --train-config test/tmp/case-23/exp/conf/rnn+maxent/train.conf --eval-config test/tmp/case-23/exp/conf/eval.conf --train-threads 1 --eval-threads 1 --start-halving-impr 0.003 --end-halving-impr 0.0003 ./data/train ./data/valid test/tmp/case-23/exp/rnn+maxent
Prerun Valid Entropy: 8.852426
ITERATION 01: LR(maxent^direct=0.05 rnn^emb=0.3 rnn^out=0.05 rnn^recur=0.3), TrEnt 6.976971, W/s 41.4k, CVEnt: 6.948772
nnet accepted (01.clm)
ITERATION 02: LR(maxent^direct=0.05 rnn^emb=0.3 rnn^out=0.05 rnn^recur=0.3), TrEnt 6.446297, W/s 37.9k, CVEnt: 6.820181
nnet accepted (02.clm)
ITERATION 03: LR(maxent^direct=0.05 rnn^emb=0.3 rnn^out=0.05 rnn^recur=0.3), TrEnt 6.183640, W/s 38.9k, CVEnt: 6.829523
nnet rejected (03.clm)
ITERATION 04: LR(maxent^direct=0.025 rnn^emb=0.15 rnn^out=0.025 rnn^recur=0.15), TrEnt 6.159520, W/s 37.4k, CVEnt: 6.752085
nnet accepted (04.clm)
ITERATION 05: LR(maxent^direct=0.0125 rnn^emb=0.075 rnn^out=0.0125 rnn^recur=0.075), TrEnt 6.031309, W/s 39.2k, CVEnt: 6.716586
nnet accepted (05.clm)
ITERATION 06: LR(maxent^direct=0.00625 rnn^emb=0.0375 rnn^out=0.00625 rnn^recur=0.0375), TrEnt 5.968812, W/s 39.4k, CVEnt: 6.699553
nnet accepted (06.clm)
ITERATION 07: LR(maxent^direct=0.003125 rnn^emb=0.01875 rnn^out=0.003125 rnn^recur=0.01875), TrEnt 5.938613, W/s 38.3k, CVEnt: 6.683520
nnet accepted (07.clm)
ITERATION 08: LR(maxent^direct=0.0015625 rnn^emb=0.009375 rnn^out=0.0015625 rnn^recur=0.009375), TrEnt 5.923470, W/s 38.1k, CVEnt: 6.681420
nnet accepted (08.clm)
ITERATION 09: LR(maxent^direct=0.00078125 rnn^emb=0.0046875 rnn^out=0.00078125 rnn^recur=0.0046875), TrEnt 5.915972, W/s 38.9k, CVEnt: 6.680252
nnet accepted (09.clm)
../steps/train_model.sh: finished, too small rel. improvement .0001748131
../steps/train_model.sh: Succeeded training the Neural Network : test/tmp/case-23/exp/rnn+maxent/final.clm
../steps/train_model.sh: Elapse time: 22s
../steps/train_model.sh: Effective speed: 33.2k words/sec
../steps/run_standalone.sh: Stage 3 --- Testing model...
../steps/eval_model.sh --config-file test/tmp/case-23/exp/conf/eval.conf --eval-threads 1 test/tmp/case-23/exp/rnn+maxent ./data/test
../steps/eval_model.sh: Evaluating model test/tmp/case-23/exp/rnn+maxent/final.clm ...
=================================
Eval Entropy: 6.548881
Eval PPL: 93.628816
Eval Speed: 82.5k words/sec
=================================
../steps/eval_model.sh: Elapse time: 0s
../steps/run_standalone.sh: Elapse time: 22s
