
Step 1: Learn Vocab ...
../steps/learn_vocab.sh --config-file test/tmp/case-14/exp/conf/vocab.conf ./data/train test/tmp/case-14/exp
../steps/learn_vocab.sh: Learning vocab test/tmp/case-14/exp/vocab.clm from ./data/train
=================================
Words: 81350
Vocab size: 3721
=================================
../steps/learn_vocab.sh: Elapse time: 0s

Step 4: Train FFNN model ...
../steps/run_standalone.sh --train-thr 1 --eval-thr 1 ffnn test/tmp/case-14/exp/conf test/tmp/case-14/exp ./data/train ./data/valid ./data/test
../steps/run_standalone.sh: Stage 1 --- Initialising model...
../steps/init_model.sh --init-config-file test/tmp/case-14/exp/conf/ffnn/init.conf --output-config-file test/tmp/case-14/exp/conf/ffnn/output.conf test/tmp/case-14/exp/vocab.clm test/tmp/case-14/exp/conf/ffnn/topo test/tmp/case-14/exp/ffnn
../steps/init_model.sh: Initializing model test/tmp/case-14/exp/vocab.clm to test/tmp/case-14/exp/ffnn/init.clm ...
../steps/init_model.sh: Elapse time: 0s
../steps/run_standalone.sh: Stage 2 --- Training model...
../steps/train_model.sh --train-config test/tmp/case-14/exp/conf/ffnn/train.conf --eval-config test/tmp/case-14/exp/conf/eval.conf --train-threads 1 --eval-threads 1 --start-halving-impr 0.003 --end-halving-impr 0.0003 ./data/train ./data/valid test/tmp/case-14/exp/ffnn
Prerun Valid Entropy: 8.857999
ITERATION 01: LR(ffnn^emb=0.01 ffnn^fc=0.15 ffnn^out=0.15), TrEnt 7.203463, W/s 37.1k, CVEnt: 7.199669
nnet accepted (01.clm)
ITERATION 02: LR(ffnn^emb=0.01 ffnn^fc=0.15 ffnn^out=0.15), TrEnt 6.875459, W/s 37.4k, CVEnt: 7.149716
nnet accepted (02.clm)
ITERATION 03: LR(ffnn^emb=0.01 ffnn^fc=0.15 ffnn^out=0.15), TrEnt 6.788769, W/s 37.1k, CVEnt: 7.186861
nnet rejected (03.clm)
ITERATION 04: LR(ffnn^emb=0.005 ffnn^fc=0.075 ffnn^out=0.075), TrEnt 6.603203, W/s 37.3k, CVEnt: 7.000653
nnet accepted (04.clm)
ITERATION 05: LR(ffnn^emb=0.0025 ffnn^fc=0.0375 ffnn^out=0.0375), TrEnt 6.463275, W/s 36.6k, CVEnt: 6.907462
nnet accepted (05.clm)
ITERATION 06: LR(ffnn^emb=0.00125 ffnn^fc=0.01875 ffnn^out=0.01875), TrEnt 6.393891, W/s 37.3k, CVEnt: 6.859984
nnet accepted (06.clm)
ITERATION 07: LR(ffnn^emb=0.000625 ffnn^fc=0.009375 ffnn^out=0.009375), TrEnt 6.363354, W/s 37.3k, CVEnt: 6.818711
nnet accepted (07.clm)
ITERATION 08: LR(ffnn^emb=0.0003125 ffnn^fc=0.0046875 ffnn^out=0.0046875), TrEnt 6.356030, W/s 37.4k, CVEnt: 6.805297
nnet accepted (08.clm)
ITERATION 09: LR(ffnn^emb=0.00015625 ffnn^fc=0.00234375 ffnn^out=0.00234375), TrEnt 6.368691, W/s 37.2k, CVEnt: 6.815627
nnet rejected (09.clm)
../steps/train_model.sh: finished, too small rel. improvement 0
../steps/train_model.sh: Succeeded training the Neural Network : test/tmp/case-14/exp/ffnn/final.clm
../steps/train_model.sh: Elapse time: 22s
../steps/train_model.sh: Effective speed: 33.2k words/sec
../steps/run_standalone.sh: Stage 3 --- Testing model...
../steps/eval_model.sh --config-file test/tmp/case-14/exp/conf/eval.conf --eval-threads 1 test/tmp/case-14/exp/ffnn ./data/test
../steps/eval_model.sh: Evaluating model test/tmp/case-14/exp/ffnn/final.clm ...
=================================
Eval Entropy: 6.706045
Eval PPL: 104.404879
Eval Speed: 169.9k words/sec
=================================
../steps/eval_model.sh: Elapse time: 0s
../steps/run_standalone.sh: Elapse time: 22s
