
Step 1: Learn Vocab ...
../steps/learn_vocab.sh --config-file test/tmp/case-7/exp/conf/vocab.conf ./data/train test/tmp/case-7/exp
../steps/learn_vocab.sh: Learning vocab test/tmp/case-7/exp/vocab.clm from ./data/train
=================================
Words:  81350
Vocab size:  3722
=================================
../steps/learn_vocab.sh: Elapse time: 1s

Step 3: Train CBOW model ...
../steps/run_standalone.sh --train-thr 1 --eval-thr 1 cbow test/tmp/case-7/exp/conf test/tmp/case-7/exp ./data/train ./data/valid ./data/test
../steps/run_standalone.sh: Stage 1 --- Initialising model...
../steps/init_model.sh --init-config-file test/tmp/case-7/exp/conf/cbow/init.conf --output-config-file test/tmp/case-7/exp/conf/cbow/output.conf test/tmp/case-7/exp/vocab.clm test/tmp/case-7/exp/conf/cbow/topo test/tmp/case-7/exp/cbow
../steps/init_model.sh: Initializing model test/tmp/case-7/exp/vocab.clm to test/tmp/case-7/exp/cbow/init.clm ...
../steps/init_model.sh: Elapse time: 0s
../steps/run_standalone.sh: Stage 2 --- Training model...
../steps/train_model.sh --train-config test/tmp/case-7/exp/conf/cbow/train.conf --eval-config test/tmp/case-7/exp/conf/eval.conf --train-threads 1 --eval-threads 1 ./data/train ./data/valid test/tmp/case-7/exp/cbow
Prerun Valid Entropy: 8.900155
ITERATION 01: LR(cbow^emb=0.001 cbow^out=0.1), TrEnt 7.458305, W/s 51.2k, CVEnt: 7.262343
nnet accepted (01.clm)
ITERATION 02: LR(cbow^emb=0.001 cbow^out=0.1), TrEnt 6.950684, W/s 51.2k, CVEnt: 7.096839
nnet accepted (02.clm)
ITERATION 03: LR(cbow^emb=0.001 cbow^out=0.1), TrEnt 6.769410, W/s 50.5k, CVEnt: 7.003673
nnet accepted (03.clm)
ITERATION 04: LR(cbow^emb=0.001 cbow^out=0.1), TrEnt 6.657600, W/s 51.1k, CVEnt: 6.954194
nnet accepted (04.clm)
ITERATION 05: LR(cbow^emb=0.001 cbow^out=0.1), TrEnt 6.572158, W/s 50.6k, CVEnt: 6.943338
nnet accepted (05.clm)
ITERATION 06: LR(cbow^emb=0.0005 cbow^out=0.05), TrEnt 6.460544, W/s 50.6k, CVEnt: 6.929489
nnet accepted (06.clm)
ITERATION 07: LR(cbow^emb=0.00025 cbow^out=0.025), TrEnt 6.398285, W/s 49.4k, CVEnt: 6.909595
nnet accepted (07.clm)
ITERATION 08: LR(cbow^emb=0.000125 cbow^out=0.0125), TrEnt 6.365466, W/s 51.1k, CVEnt: 6.902856
nnet accepted (08.clm)
ITERATION 09: LR(cbow^emb=6.25e-05 cbow^out=0.00625), TrEnt 6.347970, W/s 50.6k, CVEnt: 6.902768
nnet accepted (09.clm)
../steps/train_model.sh: finished, too small rel. improvement .0000127483
../steps/train_model.sh: Succeeded training the Neural Network : test/tmp/case-7/exp/cbow/final.clm
../steps/train_model.sh: Elapse time: 16s
../steps/train_model.sh: Effective speed: 45.7k words/sec
../steps/run_standalone.sh: Stage 3 --- Testing model...
../steps/eval_model.sh --config-file test/tmp/case-7/exp/conf/eval.conf --eval-threads 1 test/tmp/case-7/exp/cbow ./data/test
../steps/eval_model.sh: Evaluating model test/tmp/case-7/exp/cbow/final.clm ...
=================================
Eval Entropy: 6.824135
Eval PPL: 113.310285
Eval Speed: 132.7k words/sec
=================================
../steps/eval_model.sh: Elapse time: 0s
../steps/run_standalone.sh: Elapse time: 16s
