
Step 1: Learn Vocab ...
../steps/learn_vocab.sh --config-file test/tmp/case-5/exp/conf/vocab.conf ./data/train test/tmp/case-5/exp
../steps/learn_vocab.sh: Learning vocab test/tmp/case-5/exp/vocab.clm from ./data/train
=================================
Words:  81350
Vocab size:  3721
=================================
../steps/learn_vocab.sh: Elapse time: 0hr0m1s

Step 3: Train CBOW model ...
../steps/run_standalone.sh --train-thr 1 --eval-thr 1 cbow test/tmp/case-5/exp/conf test/tmp/case-5/exp ./data/train ./data/valid ./data/test
../steps/run_standalone.sh: Stage 1 --- Initialising model...
../steps/init_model.sh --init-config-file test/tmp/case-5/exp/conf/cbow/init.conf --output-config-file test/tmp/case-5/exp/conf/cbow/output.conf test/tmp/case-5/exp/vocab.clm test/tmp/case-5/exp/conf/cbow/topo test/tmp/case-5/exp/cbow
../steps/init_model.sh: Initializing model test/tmp/case-5/exp/vocab.clm to test/tmp/case-5/exp/cbow/init.clm ...
../steps/init_model.sh: Elapse time: 0hr0m0s
../steps/run_standalone.sh: Stage 2 --- Training model...
../steps/train_model.sh --train-config test/tmp/case-5/exp/conf/cbow/train.conf --eval-config test/tmp/case-5/exp/conf/eval.conf --train-threads 1 --eval-threads 1 ./data/train ./data/valid test/tmp/case-5/exp/cbow
Prerun Valid Entropy: 8.859096
ITERATION 01: LR(cbow^emb=1e-05 cbow^out=0.1), TrEnt 8.249406, W/s 41.1k, CVEnt: 7.752045
nnet accepted (01.clm)
ITERATION 02: LR(cbow^emb=1e-05 cbow^out=0.1), TrEnt 7.625540, W/s 47.5k, CVEnt: 7.551064
nnet accepted (02.clm)
ITERATION 03: LR(cbow^emb=1e-05 cbow^out=0.1), TrEnt 7.438470, W/s 47.9k, CVEnt: 7.467705
nnet accepted (03.clm)
ITERATION 04: LR(cbow^emb=1e-05 cbow^out=0.1), TrEnt 7.320577, W/s 46.4k, CVEnt: 7.406843
nnet accepted (04.clm)
ITERATION 05: LR(cbow^emb=1e-05 cbow^out=0.1), TrEnt 7.237354, W/s 46.0k, CVEnt: 7.356588
nnet accepted (05.clm)
ITERATION 06: LR(cbow^emb=1e-05 cbow^out=0.1), TrEnt 7.165499, W/s 42.6k, CVEnt: 7.318325
nnet accepted (06.clm)
ITERATION 07: LR(cbow^emb=1e-05 cbow^out=0.1), TrEnt 7.100824, W/s 47.9k, CVEnt: 7.267537
nnet accepted (07.clm)
ITERATION 08: LR(cbow^emb=1e-05 cbow^out=0.1), TrEnt 7.044089, W/s 47.8k, CVEnt: 7.232089
nnet accepted (08.clm)
ITERATION 09: LR(cbow^emb=1e-05 cbow^out=0.1), TrEnt 6.996209, W/s 48.0k, CVEnt: 7.198965
nnet accepted (09.clm)
ITERATION 10: LR(cbow^emb=1e-05 cbow^out=0.1), TrEnt 6.953396, W/s 47.8k, CVEnt: 7.174656
nnet accepted (10.clm)
ITERATION 11: LR(cbow^emb=1e-05 cbow^out=0.1), TrEnt 6.915001, W/s 43.3k, CVEnt: 7.154963
nnet accepted (11.clm)
ITERATION 12: LR(cbow^emb=5e-06 cbow^out=0.05), TrEnt 6.881003, W/s 43.9k, CVEnt: 7.141268
nnet accepted (12.clm)
ITERATION 13: LR(cbow^emb=2.5e-06 cbow^out=0.025), TrEnt 6.862794, W/s 47.8k, CVEnt: 7.135034
nnet accepted (13.clm)
ITERATION 14: LR(cbow^emb=1.25e-06 cbow^out=0.0125), TrEnt 6.856160, W/s 47.9k, CVEnt: 7.130945
nnet accepted (14.clm)
ITERATION 15: LR(cbow^emb=6.25e-07 cbow^out=0.00625), TrEnt 6.852209, W/s 48.6k, CVEnt: 7.129750
nnet accepted (15.clm)
../steps/train_model.sh: finished, too small rel. improvement .0001675794
../steps/train_model.sh: Succeeded training the Neural Network : test/tmp/case-5/exp/cbow/final.clm
../steps/train_model.sh: Elapse time: 0hr0m30s
../steps/train_model.sh: Effective speed: 40.6k words/sec
../steps/run_standalone.sh: Stage 3 --- Testing model...
../steps/eval_model.sh --config-file test/tmp/case-5/exp/conf/eval.conf --eval-threads 1 test/tmp/case-5/exp/cbow ./data/test
../steps/eval_model.sh: Evaluating model test/tmp/case-5/exp/cbow/final.clm ...
=================================
Eval Entropy: 7.049133
Eval PPL: 132.434318
Eval Speed: 103.6k words/sec
=================================
../steps/eval_model.sh: Elapse time: 0hr0m0s
../steps/run_standalone.sh: Elapse time: 0hr0m30s
