
Step 1: Learn Vocab ...
../steps/learn_vocab.sh --config-file test/tmp/case-27/exp/conf/vocab.conf ./data/train test/tmp/case-27/exp
../steps/learn_vocab.sh: Learning vocab test/tmp/case-27/exp/vocab.clm from ./data/train
=================================
Words:  81350
Vocab size:  3721
=================================
../steps/learn_vocab.sh: Elapse time: 0s

Step 8: Train MaxEnt~RNN merge model ...
../steps/run_cascade.sh --train-thr 1 --eval-thr 1 maxent~rnn test/tmp/case-27/exp/conf test/tmp/case-27/exp ./data/train ./data/valid ./data/test
../steps/run_cascade.sh: Stage 1 --- Training maxent...
../steps/run_standalone.sh --train-thr 1 --eval-thr 1 --start-halving-impr 0.01 --end-halving-impr 0.001 maxent test/tmp/case-27/exp/conf/maxent~rnn test/tmp/case-27/exp/maxent~rnn ./data/train ./data/valid ./data/test
../steps/run_standalone.sh: Stage 1 --- Initialising model...
../steps/init_model.sh --init-config-file test/tmp/case-27/exp/conf/maxent~rnn/maxent/init.conf --output-config-file test/tmp/case-27/exp/conf/maxent~rnn/maxent/output.conf test/tmp/case-27/exp/maxent~rnn/vocab.clm test/tmp/case-27/exp/conf/maxent~rnn/maxent/topo test/tmp/case-27/exp/maxent~rnn/maxent
../steps/init_model.sh: Initializing model test/tmp/case-27/exp/maxent~rnn/vocab.clm to test/tmp/case-27/exp/maxent~rnn/maxent/init.clm ...
../steps/init_model.sh: Elapse time: 1s
../steps/run_standalone.sh: Stage 2 --- Training model...
../steps/train_model.sh --train-config test/tmp/case-27/exp/conf/maxent~rnn/maxent/train.conf --eval-config test/tmp/case-27/exp/conf/maxent~rnn/eval.conf --train-threads 1 --eval-threads 1 --start-halving-impr 0.01 --end-halving-impr 0.001 ./data/train ./data/valid test/tmp/case-27/exp/maxent~rnn/maxent
Prerun Valid Entropy: 8.857732
ITERATION 01: LR(maxent^direct=0.05), TrEnt 7.035865, W/s 131.8k, CVEnt: 7.004505
nnet accepted (01.clm)
ITERATION 02: LR(maxent^direct=0.05), TrEnt 6.577586, W/s 134.4k, CVEnt: 6.897888
nnet accepted (02.clm)
ITERATION 03: LR(maxent^direct=0.05), TrEnt 6.344107, W/s 137.6k, CVEnt: 6.875659
nnet accepted (03.clm)
ITERATION 04: LR(maxent^direct=0.025), TrEnt 6.164525, W/s 138.0k, CVEnt: 6.815932
nnet accepted (04.clm)
ITERATION 05: LR(maxent^direct=0.0125), TrEnt 6.081088, W/s 135.5k, CVEnt: 6.787332
nnet accepted (05.clm)
ITERATION 06: LR(maxent^direct=0.00625), TrEnt 6.040900, W/s 133.7k, CVEnt: 6.773407
nnet accepted (06.clm)
ITERATION 07: LR(maxent^direct=0.003125), TrEnt 6.021491, W/s 137.3k, CVEnt: 6.765199
nnet accepted (07.clm)
ITERATION 08: LR(maxent^direct=0.0015625), TrEnt 6.012011, W/s 131.1k, CVEnt: 6.763052
nnet accepted (08.clm)
../steps/train_model.sh: finished, too small rel. improvement .0003173594
../steps/train_model.sh: Succeeded training the Neural Network : test/tmp/case-27/exp/maxent~rnn/maxent/final.clm
../steps/train_model.sh: Elapse time: 7s
../steps/train_model.sh: Effective speed: 92.9k words/sec
../steps/run_standalone.sh: Stage 3 --- Testing model...
../steps/eval_model.sh --config-file test/tmp/case-27/exp/conf/maxent~rnn/eval.conf --eval-threads 1 test/tmp/case-27/exp/maxent~rnn/maxent ./data/test
../steps/eval_model.sh: Evaluating model test/tmp/case-27/exp/maxent~rnn/maxent/final.clm ...
=================================
Eval Entropy: 6.657886
Eval PPL: 100.977214
Eval Speed: 139.3k words/sec
=================================
../steps/eval_model.sh: Elapse time: 0s
../steps/run_standalone.sh: Elapse time: 9s
../steps/run_cascade.sh: Stage 2 --- Initializing rnn...
../steps/run_standalone.sh --stage 1 --train-thr 1 --eval-thr 1 rnn test/tmp/case-27/exp/conf/maxent~rnn test/tmp/case-27/exp/maxent~rnn ./data/train ./data/valid ./data/test
../steps/run_standalone.sh: Stage 1 --- Initialising model...
../steps/init_model.sh --init-config-file test/tmp/case-27/exp/conf/maxent~rnn/rnn/init.conf --output-config-file test/tmp/case-27/exp/conf/maxent~rnn/rnn/output.conf test/tmp/case-27/exp/maxent~rnn/vocab.clm test/tmp/case-27/exp/conf/maxent~rnn/rnn/topo test/tmp/case-27/exp/maxent~rnn/rnn
../steps/init_model.sh: Initializing model test/tmp/case-27/exp/maxent~rnn/vocab.clm to test/tmp/case-27/exp/maxent~rnn/rnn/init.clm ...
../steps/init_model.sh: Elapse time: 0s
../steps/run_standalone.sh: Elapse time: 0s
../steps/run_cascade.sh: Stage 2 --- Merging maxent with rnn...
../steps/run_cascade.sh: Stage 2 --- Training maxent~rnn...
../steps/run_standalone.sh --stage 2- --start-halving-impr 0.003 --end-halving-impr 0.0003 --train-thr 1 --eval-thr 1 maxent~rnn test/tmp/case-27/exp/conf test/tmp/case-27/exp ./data/train ./data/valid ./data/test
../steps/run_standalone.sh: Stage 2 --- Training model...
../steps/train_model.sh --train-config test/tmp/case-27/exp/conf/maxent~rnn/train.conf --eval-config test/tmp/case-27/exp/conf/eval.conf --train-threads 1 --eval-threads 1 --start-halving-impr 0.003 --end-halving-impr 0.0003 ./data/train ./data/valid test/tmp/case-27/exp/maxent~rnn
Prerun Valid Entropy: 6.796415
ITERATION 01: LR(maxent^direct=0.05 rnn^emb=0.1 rnn^out=0.001 rnn^recur=0.01), TrEnt 6.020134, W/s 39.2k, CVEnt: 6.772958
nnet accepted (01.clm)
ITERATION 02: LR(maxent^direct=0.05 rnn^emb=0.1 rnn^out=0.001 rnn^recur=0.01), TrEnt 5.893392, W/s 39.9k, CVEnt: 6.755282
nnet accepted (02.clm)
ITERATION 03: LR(maxent^direct=0.025 rnn^emb=0.05 rnn^out=0.0005 rnn^recur=0.005), TrEnt 5.764400, W/s 38.8k, CVEnt: 6.754336
nnet accepted (03.clm)
../steps/train_model.sh: finished, too small rel. improvement .0001400385
../steps/train_model.sh: Succeeded training the Neural Network : test/tmp/case-27/exp/maxent~rnn/final.clm
../steps/train_model.sh: Elapse time: 8s
../steps/train_model.sh: Effective speed: 30.4k words/sec
../steps/run_standalone.sh: Stage 3 --- Testing model...
../steps/eval_model.sh --config-file test/tmp/case-27/exp/conf/eval.conf --eval-threads 1 test/tmp/case-27/exp/maxent~rnn ./data/test
../steps/eval_model.sh: Evaluating model test/tmp/case-27/exp/maxent~rnn/final.clm ...
=================================
Eval Entropy: 6.638080
Eval PPL: 99.600420
Eval Speed: 77.9k words/sec
=================================
../steps/eval_model.sh: Elapse time: 0s
../steps/run_standalone.sh: Elapse time: 8s
../steps/run_cascade.sh: Elapse time: 17s
