
Step 1: Learn Vocab ...
../steps/learn_vocab.sh --config-file test/tmp/case-3/exp/conf/vocab.conf ./data/train test/tmp/case-3/exp
../steps/learn_vocab.sh: Learning vocab test/tmp/case-3/exp/vocab.clm from ./data/train
=================================
Words:  81350
Vocab size:  3722
=================================
../steps/learn_vocab.sh: Elapse time: 0s

Step 2: Train MaxEnt model ...
../steps/run_standalone.sh --train-thr 1 --eval-thr 1 maxent test/tmp/case-3/exp/conf test/tmp/case-3/exp ./data/train ./data/valid ./data/test
../steps/run_standalone.sh: Stage 1 --- Initialising model...
../steps/init_model.sh --init-config-file test/tmp/case-3/exp/conf/maxent/init.conf --output-config-file test/tmp/case-3/exp/conf/maxent/output.conf test/tmp/case-3/exp/vocab.clm test/tmp/case-3/exp/conf/maxent/topo test/tmp/case-3/exp/maxent
../steps/init_model.sh: Initializing model test/tmp/case-3/exp/vocab.clm to test/tmp/case-3/exp/maxent/init.clm ...
../steps/init_model.sh: Elapse time: 1s
../steps/run_standalone.sh: Stage 2 --- Training model...
../steps/train_model.sh --train-config test/tmp/case-3/exp/conf/maxent/train.conf --eval-config test/tmp/case-3/exp/conf/eval.conf --train-threads 1 --eval-threads 1 --start-halving-impr 0.003 --end-halving-impr 0.0003 ./data/train ./data/valid test/tmp/case-3/exp/maxent
Prerun Valid Entropy: 8.900407
ITERATION 01: LR(maxent^direct=0.05), TrEnt 7.038140, W/s 112.4k, CVEnt: 7.002520
nnet accepted (01.clm)
ITERATION 02: LR(maxent^direct=0.05), TrEnt 6.578292, W/s 110.5k, CVEnt: 6.896297
nnet accepted (02.clm)
ITERATION 03: LR(maxent^direct=0.05), TrEnt 6.344636, W/s 102.3k, CVEnt: 6.873027
nnet accepted (03.clm)
ITERATION 04: LR(maxent^direct=0.05), TrEnt 6.165643, W/s 112.4k, CVEnt: 6.814540
nnet accepted (04.clm)
ITERATION 05: LR(maxent^direct=0.05), TrEnt 6.016943, W/s 113.1k, CVEnt: 6.774939
nnet accepted (05.clm)
ITERATION 06: LR(maxent^direct=0.05), TrEnt 5.887931, W/s 113.5k, CVEnt: 6.755126
nnet accepted (06.clm)
ITERATION 07: LR(maxent^direct=0.025), TrEnt 5.760040, W/s 103.6k, CVEnt: 6.718822
nnet accepted (07.clm)
ITERATION 08: LR(maxent^direct=0.0125), TrEnt 5.697232, W/s 102.4k, CVEnt: 6.709986
nnet accepted (08.clm)
ITERATION 09: LR(maxent^direct=0.00625), TrEnt 5.666639, W/s 112.6k, CVEnt: 6.705005
nnet accepted (09.clm)
ITERATION 10: LR(maxent^direct=0.003125), TrEnt 5.651828, W/s 112.9k, CVEnt: 6.696144
nnet accepted (10.clm)
ITERATION 11: LR(maxent^direct=0.0015625), TrEnt 5.644531, W/s 105.3k, CVEnt: 6.694476
nnet accepted (11.clm)
../steps/train_model.sh: finished, too small rel. improvement .0002490985
../steps/train_model.sh: Succeeded training the Neural Network : test/tmp/case-3/exp/maxent/final.clm
../steps/train_model.sh: Elapse time: 11s
../steps/train_model.sh: Effective speed: 81.3k words/sec
../steps/run_standalone.sh: Stage 3 --- Testing model...
../steps/eval_model.sh --config-file test/tmp/case-3/exp/conf/eval.conf --eval-threads 1 test/tmp/case-3/exp/maxent ./data/test
../steps/eval_model.sh: Evaluating model test/tmp/case-3/exp/maxent/final.clm ...
=================================
Eval Entropy: 6.582519
Eval PPL: 95.837551
Eval Speed: 132.7k words/sec
=================================
../steps/eval_model.sh: Elapse time: 0s
../steps/run_standalone.sh: Elapse time: 12s
