# Generate 1
OH YEAH SEE UM
# Generate 10
OH YEAH SEE UM
I WAS CRIMINALS TOO CALL STUFF AND THAT IS NO CONVERSATION HOW MANY TIME
SO JOINT RIGHT IT AS INVESTING YOU KNOW
AND NOT GO ON WHAT THEY START GOT YOU HAVE IT DOES NOT KNOW DOES THERE ARE SYMBOL WERE DIFFERENT AGO
YEAH SO
HOW PEOPLE YOU KNOW PEOPLE FIND IT
YEAH THAT IS NEW SMALL
ARE DO UH AND I JUST DONE AND
RIGHT
THIS IS YOUR AGE I MEAN A LOT YOU KNOW WHAT THEY FROM THAT
# Generate with prefix
[I AM] ON THE LOWEST SOMEBODY WE KNOW I SELL THREE POWER YEAR BUT YOU ARE AN INGREDIENTS BEFORE UM
[IT IS THAT] YOU KNOW PLANS
[YEAH] SO WOULD SMELL LIKE THE OF A PERSON HAD ONE WITH UH PACKAGE
