
Step 1: Learn Vocab ...
../steps/learn_vocab.sh ./data/train test/tmp/case-03/exp
**Learning vocab test/tmp/case-03/exp/vocab.clm from ./data/train
Succeeded learning vocab: 
  Words:  81350
  Vocab size:  3720

Step 2: Train MaxEnt model ...
../steps/init_model.sh --init-config-file test/tmp/case-03/conf/maxent/init.conf --output-config-file test/tmp/case-03/conf/maxent/output.conf --class-size  --train-file ./data/train --train-config test/tmp/case-03/conf/maxent/train.conf --train-threads 1 test/tmp/case-03/exp/vocab.clm test/tmp/case-03/exp/maxent
**Initializing model test/tmp/case-03/exp/vocab.clm to test/tmp/case-03/exp/maxent/init.clm ...
../steps/train_model.sh --train-config test/tmp/case-03/conf/maxent/train.conf --test-config test/tmp/case-03/conf/test.conf --train-threads 1 --test-threads 1 ./data/train ./data/valid test/tmp/case-03/exp/maxent
Prerun Valid Entropy: 9.497039
ITERATION 01: TrEnt 7.646844, lr(0.1/0.005/0.1/0.1), W/s 127.6k, CVEnt: 8.106417
nnet accepted (01.clm)
ITERATION 02: TrEnt 7.321752, lr(0.1/0.005/0.1/0.1), W/s 126.2k, CVEnt: 7.977887
nnet accepted (02.clm)
ITERATION 03: TrEnt 7.191171, lr(0.1/0.005/0.1/0.1), W/s 122.3k, CVEnt: 7.897954
nnet accepted (03.clm)
ITERATION 04: TrEnt 7.098090, lr(0.1/0.005/0.1/0.1), W/s 120.4k, CVEnt: 7.833627
nnet accepted (04.clm)
ITERATION 05: TrEnt 7.023651, lr(0.1/0.005/0.1/0.1), W/s 125.1k, CVEnt: 7.788752
nnet accepted (05.clm)
ITERATION 06: TrEnt 6.962412, lr(0.1/0.005/0.1/0.1), W/s 120.8k, CVEnt: 7.745165
nnet accepted (06.clm)
ITERATION 07: TrEnt 6.908423, lr(0.1/0.005/0.1/0.1), W/s 124.3k, CVEnt: 7.715563
nnet accepted (07.clm)
ITERATION 08: TrEnt 6.860356, lr(0.1/0.005/0.1/0.1), W/s 124.5k, CVEnt: 7.684526
nnet accepted (08.clm)
ITERATION 09: TrEnt 6.816822, lr(0.1/0.005/0.1/0.1), W/s 125.8k, CVEnt: 7.659677
nnet accepted (09.clm)
ITERATION 10: TrEnt 6.777146, lr(0.1/0.005/0.1/0.1), W/s 123.4k, CVEnt: 7.631604
nnet accepted (10.clm)
ITERATION 11: TrEnt 6.740073, lr(0.1/0.005/0.1/0.1), W/s 125.7k, CVEnt: 7.612337
nnet accepted (11.clm)
ITERATION 12: TrEnt 6.708388, lr(0.05/0.0025/0.05/0.05), W/s 119.9k, CVEnt: 7.604432
nnet accepted (12.clm)
ITERATION 13: TrEnt 6.692803, lr(0.025/0.00125/0.025/0.025), W/s 123.7k, CVEnt: 7.597902
nnet accepted (13.clm)
ITERATION 14: TrEnt 6.685209, lr(0.0125/0.000625/0.0125/0.0125), W/s 126.8k, CVEnt: 7.596066
nnet accepted (14.clm)
finished, too small rel. improvement .0002416456
Succeeded training the Neural Network : test/tmp/case-03/exp/maxent/final.clm
../steps/test_model.sh --config-file test/tmp/case-03/conf/test.conf --test-threads 1 test/tmp/case-03/exp/maxent ./data/test
**Testing model test/tmp/case-03/exp/maxent/final.clm ...
=================================
Test Entropy: 7.321041
Test PPL: 159.901630
Test Speed: 212.4k words/sec
=================================
