
Step 1: Learn Vocab ...
../steps/learn_vocab.sh --config-file test/tmp/case-18/exp/conf/vocab.conf ./data/train test/tmp/case-18/exp
../steps/learn_vocab.sh: Learning vocab test/tmp/case-18/exp/vocab.clm from ./data/train
=================================
Words:  81350
Vocab size:  3722
=================================
../steps/learn_vocab.sh: Elapse time: 0s

Step 5: Train RNN model ...
../steps/run_standalone.sh --train-thr 1 --eval-thr 1 rnn test/tmp/case-18/exp/conf test/tmp/case-18/exp ./data/train ./data/valid ./data/test
../steps/run_standalone.sh: Stage 1 --- Initialising model...
../steps/init_model.sh --init-config-file test/tmp/case-18/exp/conf/rnn/init.conf --output-config-file test/tmp/case-18/exp/conf/rnn/output.conf test/tmp/case-18/exp/vocab.clm test/tmp/case-18/exp/conf/rnn/topo test/tmp/case-18/exp/rnn
../steps/init_model.sh: Initializing model test/tmp/case-18/exp/vocab.clm to test/tmp/case-18/exp/rnn/init.clm ...
../steps/init_model.sh: Elapse time: 0s
../steps/run_standalone.sh: Stage 2 --- Training model...
../steps/train_model.sh --train-config test/tmp/case-18/exp/conf/rnn/train.conf --eval-config test/tmp/case-18/exp/conf/eval.conf --train-threads 1 --eval-threads 1 ./data/train ./data/valid test/tmp/case-18/exp/rnn
Prerun Valid Entropy: 8.987982
ITERATION 01: LR(rnn^emb=0.05 rnn^out=0.01 rnn^recur=0.01), TrEnt 7.319024, W/s 23.6k, CVEnt: 7.141402
nnet accepted (01.clm)
ITERATION 02: LR(rnn^emb=0.05 rnn^out=0.01 rnn^recur=0.01), TrEnt 6.916086, W/s 24.1k, CVEnt: 7.003836
nnet accepted (02.clm)
ITERATION 03: LR(rnn^emb=0.05 rnn^out=0.01 rnn^recur=0.01), TrEnt 6.749802, W/s 24.3k, CVEnt: 6.902381
nnet accepted (03.clm)
ITERATION 04: LR(rnn^emb=0.05 rnn^out=0.01 rnn^recur=0.01), TrEnt 6.641041, W/s 24.1k, CVEnt: 6.848698
nnet accepted (04.clm)
ITERATION 05: LR(rnn^emb=0.05 rnn^out=0.01 rnn^recur=0.01), TrEnt 6.555469, W/s 24.1k, CVEnt: 6.817868
nnet accepted (05.clm)
ITERATION 06: LR(rnn^emb=0.05 rnn^out=0.01 rnn^recur=0.01), TrEnt 6.490438, W/s 24.3k, CVEnt: 6.797999
nnet accepted (06.clm)
ITERATION 07: LR(rnn^emb=0.025 rnn^out=0.005 rnn^recur=0.005), TrEnt 6.418796, W/s 24.1k, CVEnt: 6.789414
nnet accepted (07.clm)
ITERATION 08: LR(rnn^emb=0.0125 rnn^out=0.0025 rnn^recur=0.0025), TrEnt 6.382272, W/s 24.2k, CVEnt: 6.781835
nnet accepted (08.clm)
ITERATION 09: LR(rnn^emb=0.00625 rnn^out=0.00125 rnn^recur=0.00125), TrEnt 6.363254, W/s 23.9k, CVEnt: 6.770315
nnet accepted (09.clm)
ITERATION 10: LR(rnn^emb=0.003125 rnn^out=0.000625 rnn^recur=0.000625), TrEnt 6.353373, W/s 23.8k, CVEnt: 6.767922
nnet accepted (10.clm)
ITERATION 11: LR(rnn^emb=0.0015625 rnn^out=0.0003125 rnn^recur=0.0003125), TrEnt 6.348062, W/s 24.3k, CVEnt: 6.769143
nnet rejected (11.clm)
../steps/train_model.sh: finished, too small rel. improvement 0
../steps/train_model.sh: Succeeded training the Neural Network : test/tmp/case-18/exp/rnn/final.clm
../steps/train_model.sh: Elapse time: 40s
../steps/train_model.sh: Effective speed: 22.3k words/sec
../steps/run_standalone.sh: Stage 3 --- Testing model...
../steps/eval_model.sh --config-file test/tmp/case-18/exp/conf/eval.conf --eval-threads 1 test/tmp/case-18/exp/rnn ./data/test
../steps/eval_model.sh: Evaluating model test/tmp/case-18/exp/rnn/final.clm ...
=================================
Eval Entropy: 6.671742
Eval PPL: 101.951680
Eval Speed: 118.0k words/sec
=================================
../steps/eval_model.sh: Elapse time: 0s
../steps/run_standalone.sh: Elapse time: 40s
