# Generate 1
OH YEAH THINGS WHAT THEY DO A ROMANA REAL CIGARS SMALL HAPPENED TO AS FAR AS SOON AS WE ARE GOING HOME YOU CAN DEAL SURE YOU KNOW
# Generate 10
OH YEAH THINGS WHAT THEY DO A ROMANA REAL CIGARS SMALL HAPPENED TO AS FAR AS SOON AS WE ARE GOING HOME YOU CAN DEAL SURE YOU KNOW
AND UH AND WHAT THEY WERE FOLLOW TO I MEAN
THIS IS LIKE WE'RE PRETTY LET M. BEHIND HAPPENED WITH THE RIGHT NOW
HOW VERY GOOD
BECAUSE WORK IN THE SAME WAY I WANT TO DO RIGHT RIGHT AND UH
AND HE WILL NOT ACTUALLY GOT OUR FRIEND HOUSE AND I DID NOT KNOW
I CAN GET ONE I HAVE NOT SIT YOURSELF TO HEAR I SAID IT WILL BE HERE AND IT IS OKAY I SAY YOU HAVE HUNDRED
TRYING TO DO IT'S
I DID NOT THESE
WHAT WOULD IS OF HER IN SELL
# Generate with prefix
[I AM] UP TO PLOT YOUR NAME
[IT IS THAT] I ACCESS LIFE ABOUT OUR TAX OF MONEY YOU WORKED PROBABLY MADE A LOT OF LOOP YOU DON'T CALL VACATION A LOT
[YEAH]
