
Step 1: Learn Vocab ...
../steps/learn_vocab.sh --config-file test/tmp/case-24/exp/conf/vocab.conf ./data/train test/tmp/case-24/exp
../steps/learn_vocab.sh: Learning vocab test/tmp/case-24/exp/vocab.clm from ./data/train
=================================
Words: 81350
Vocab size: 3721
=================================
../steps/learn_vocab.sh: Elapse time: 0s

Step 7: Train RNN+MaxEnt model ...
../steps/run_standalone.sh --train-thr 1 --eval-thr 1 rnn+maxent test/tmp/case-24/exp/conf test/tmp/case-24/exp ./data/train ./data/valid ./data/test
../steps/run_standalone.sh: Stage 1 --- Initialising model...
../steps/init_model.sh --init-config-file test/tmp/case-24/exp/conf/rnn+maxent/init.conf --output-config-file test/tmp/case-24/exp/conf/rnn+maxent/output.conf test/tmp/case-24/exp/vocab.clm test/tmp/case-24/exp/conf/rnn+maxent/topo test/tmp/case-24/exp/rnn+maxent
../steps/init_model.sh: Initializing model test/tmp/case-24/exp/vocab.clm to test/tmp/case-24/exp/rnn+maxent/init.clm ...
../steps/init_model.sh: Elapse time: 0s
../steps/run_standalone.sh: Stage 2 --- Training model...
../steps/train_model.sh --train-config test/tmp/case-24/exp/conf/rnn+maxent/train.conf --eval-config test/tmp/case-24/exp/conf/eval.conf --train-threads 1 --eval-threads 1 --start-halving-impr 0.003 --end-halving-impr 0.0003 ./data/train ./data/valid test/tmp/case-24/exp/rnn+maxent
Prerun Valid Entropy: 8.858086
ITERATION 01: LR(maxent^direct=0.1 rnn^emb=0.3 rnn^out=0.05 rnn^recur=0.1), TrEnt 6.739473, W/s 21.0k, CVEnt: 6.763443
nnet accepted (01.clm)
ITERATION 02: LR(maxent^direct=0.1 rnn^emb=0.3 rnn^out=0.05 rnn^recur=0.1), TrEnt 6.177229, W/s 20.7k, CVEnt: 6.664475
nnet accepted (02.clm)
ITERATION 03: LR(maxent^direct=0.1 rnn^emb=0.3 rnn^out=0.05 rnn^recur=0.1), TrEnt 5.874451, W/s 20.8k, CVEnt: 6.662812
nnet accepted (03.clm)
ITERATION 04: LR(maxent^direct=0.05 rnn^emb=0.15 rnn^out=0.025 rnn^recur=0.05), TrEnt 5.526917, W/s 21.4k, CVEnt: 6.497077
nnet accepted (04.clm)
ITERATION 05: LR(maxent^direct=0.025 rnn^emb=0.075 rnn^out=0.0125 rnn^recur=0.025), TrEnt 5.369621, W/s 21.2k, CVEnt: 6.416552
nnet accepted (05.clm)
ITERATION 06: LR(maxent^direct=0.0125 rnn^emb=0.0375 rnn^out=0.00625 rnn^recur=0.0125), TrEnt 5.303206, W/s 21.2k, CVEnt: 6.377322
nnet accepted (06.clm)
ITERATION 07: LR(maxent^direct=0.00625 rnn^emb=0.01875 rnn^out=0.003125 rnn^recur=0.00625), TrEnt 5.272260, W/s 19.9k, CVEnt: 6.329568
nnet accepted (07.clm)
ITERATION 08: LR(maxent^direct=0.003125 rnn^emb=0.009375 rnn^out=0.0015625 rnn^recur=0.003125), TrEnt 5.254192, W/s 19.8k, CVEnt: 6.306451
nnet accepted (08.clm)
ITERATION 09: LR(maxent^direct=0.0015625 rnn^emb=0.0046875 rnn^out=0.00078125 rnn^recur=0.0015625), TrEnt 5.247510, W/s 18.8k, CVEnt: 6.294154
nnet accepted (09.clm)
ITERATION 10: LR(maxent^direct=0.00078125 rnn^emb=0.00234375 rnn^out=0.000390625 rnn^recur=0.00078125), TrEnt 5.247009, W/s 18.6k, CVEnt: 6.283482
nnet accepted (10.clm)
ITERATION 11: LR(maxent^direct=0.000390625 rnn^emb=0.001171875 rnn^out=0.0001953125 rnn^recur=0.000390625), TrEnt 5.249988, W/s 22.5k, CVEnt: 6.277537
nnet accepted (11.clm)
ITERATION 12: LR(maxent^direct=0.0001953125 rnn^emb=0.0005859375 rnn^out=9.765625e-05 rnn^recur=0.0001953125), TrEnt 5.255110, W/s 22.8k, CVEnt: 6.273766
nnet accepted (12.clm)
ITERATION 13: LR(maxent^direct=9.765625e-05 rnn^emb=0.00029296875 rnn^out=4.8828125e-05 rnn^recur=9.765625e-05), TrEnt 5.261405, W/s 21.7k, CVEnt: 6.272347
nnet accepted (13.clm)
../steps/train_model.sh: finished, too small rel. improvement .0002261799
../steps/train_model.sh: Succeeded training the Neural Network : test/tmp/case-24/exp/rnn+maxent/final.clm
../steps/train_model.sh: Elapse time: 56s
../steps/train_model.sh: Effective speed: 18.8k words/sec
../steps/run_standalone.sh: Stage 3 --- Testing model...
../steps/eval_model.sh --config-file test/tmp/case-24/exp/conf/eval.conf --eval-threads 1 test/tmp/case-24/exp/rnn+maxent ./data/test
../steps/eval_model.sh: Evaluating model test/tmp/case-24/exp/rnn+maxent/final.clm ...
=================================
Eval Entropy: 6.220193
Eval PPL: 74.552914
Eval Speed: 98.8k words/sec
=================================
../steps/eval_model.sh: Elapse time: 0s
../steps/run_standalone.sh: Elapse time: 56s
