
Step 1: Learn Vocab ...
../steps/learn_vocab.sh --config-file test/tmp/case-9/exp/conf/vocab.conf ./data/train test/tmp/case-9/exp
../steps/learn_vocab.sh: Learning vocab test/tmp/case-9/exp/vocab.clm from ./data/train
=================================
Words: 81350
Vocab size: 3722
=================================
../steps/learn_vocab.sh: Elapse time: 1s

Step 5: Train RNN model ...
../steps/run_standalone.sh --train-thr 1 --eval-thr 1 rnn test/tmp/case-9/exp/conf test/tmp/case-9/exp ./data/train ./data/valid ./data/test
../steps/run_standalone.sh: Stage 1 --- Initialising model...
../steps/init_model.sh --init-config-file test/tmp/case-9/exp/conf/rnn/init.conf --output-config-file test/tmp/case-9/exp/conf/rnn/output.conf test/tmp/case-9/exp/vocab.clm test/tmp/case-9/exp/conf/rnn/topo test/tmp/case-9/exp/rnn
../steps/init_model.sh: Initializing model test/tmp/case-9/exp/vocab.clm to test/tmp/case-9/exp/rnn/init.clm ...
../steps/init_model.sh: Elapse time: 0s
../steps/run_standalone.sh: Stage 2 --- Training model...
../steps/train_model.sh --train-config test/tmp/case-9/exp/conf/rnn/train.conf --eval-config test/tmp/case-9/exp/conf/eval.conf --train-threads 1 --eval-threads 1 --start-halving-impr 0.003 --end-halving-impr 0.0003 ./data/train ./data/valid test/tmp/case-9/exp/rnn
Prerun Valid Entropy: 8.857503
ITERATION 01: LR(rnn.emb=0.2 rnn.out=0.05 rnn.recur=0.02), TrEnt 6.894916, W/s 35.8k, CVEnt: 6.913198
nnet accepted (01.clm)
ITERATION 02: LR(rnn.emb=0.2 rnn.out=0.05 rnn.recur=0.02), TrEnt 6.576117, W/s 35.9k, CVEnt: 6.832234
nnet accepted (02.clm)
ITERATION 03: LR(rnn.emb=0.2 rnn.out=0.05 rnn.recur=0.02), TrEnt 6.462848, W/s 33.1k, CVEnt: 6.896445
nnet rejected (03.clm)
ITERATION 04: LR(rnn.emb=0.1 rnn.out=0.025 rnn.recur=0.01), TrEnt 6.315458, W/s 35.3k, CVEnt: 6.743724
nnet accepted (04.clm)
ITERATION 05: LR(rnn.emb=0.05 rnn.out=0.0125 rnn.recur=0.005), TrEnt 6.187430, W/s 35.7k, CVEnt: 6.675460
nnet accepted (05.clm)
ITERATION 06: LR(rnn.emb=0.025 rnn.out=0.00625 rnn.recur=0.0025), TrEnt 6.122486, W/s 35.0k, CVEnt: 6.627161
nnet accepted (06.clm)
ITERATION 07: LR(rnn.emb=0.0125 rnn.out=0.003125 rnn.recur=0.00125), TrEnt 6.088868, W/s 34.7k, CVEnt: 6.605341
nnet accepted (07.clm)
ITERATION 08: LR(rnn.emb=0.00625 rnn.out=0.0015625 rnn.recur=0.000625), TrEnt 6.071492, W/s 36.0k, CVEnt: 6.595643
nnet accepted (08.clm)
ITERATION 09: LR(rnn.emb=0.003125 rnn.out=0.00078125 rnn.recur=0.0003125), TrEnt 6.061944, W/s 35.6k, CVEnt: 6.593616
nnet accepted (09.clm)
ITERATION 10: LR(rnn.emb=0.0015625 rnn.out=0.000390625 rnn.recur=0.00015625), TrEnt 6.056817, W/s 35.9k, CVEnt: 6.592160
nnet accepted (10.clm)
../steps/train_model.sh: finished, too small rel. improvement .0002208196
../steps/train_model.sh: Succeeded training the Neural Network : test/tmp/case-9/exp/rnn/final.clm
../steps/train_model.sh: Elapse time: 26s
../steps/train_model.sh: Effective speed: 31.2k words/sec
../steps/run_standalone.sh: Stage 3 --- Testing model...
../steps/eval_model.sh --config-file test/tmp/case-9/exp/conf/eval.conf --eval-threads 1 test/tmp/case-9/exp/rnn ./data/test
../steps/eval_model.sh: Evaluating model test/tmp/case-9/exp/rnn/final.clm ...
=================================
Eval Entropy: 6.477178
Eval PPL: 89.089141
Eval Speed: 123.1k words/sec
=================================
../steps/eval_model.sh: Elapse time: 0s
../steps/run_standalone.sh: Elapse time: 26s
