
Step 1: Learn Vocab ...
../steps/learn_vocab.sh --config-file test/tmp/case-28/exp/conf/vocab.conf ./data/train test/tmp/case-28/exp
../steps/learn_vocab.sh: Learning vocab test/tmp/case-28/exp/vocab.clm from ./data/train
=================================
Words: 81350
Vocab size: 3722
=================================
../steps/learn_vocab.sh: Elapse time: 1s

Step 8: Train MaxEnt~RNN merge model ...
../steps/run_cascade.sh --train-thr 1 --eval-thr 1 maxent~rnn test/tmp/case-28/exp/conf test/tmp/case-28/exp ./data/train ./data/valid ./data/test
../steps/run_cascade.sh: Stage 1 --- Training maxent...
../steps/run_standalone.sh --train-thr 1 --eval-thr 1 --start-halving-impr 0.01 --end-halving-impr 0.001 maxent test/tmp/case-28/exp/conf/maxent~rnn test/tmp/case-28/exp/maxent~rnn ./data/train ./data/valid ./data/test
../steps/run_standalone.sh: Stage 1 --- Initialising model...
../steps/init_model.sh --init-config-file test/tmp/case-28/exp/conf/maxent~rnn/maxent/init.conf --output-config-file test/tmp/case-28/exp/conf/maxent~rnn/maxent/output.conf test/tmp/case-28/exp/maxent~rnn/vocab.clm test/tmp/case-28/exp/conf/maxent~rnn/maxent/topo test/tmp/case-28/exp/maxent~rnn/maxent
../steps/init_model.sh: Initializing model test/tmp/case-28/exp/maxent~rnn/vocab.clm to test/tmp/case-28/exp/maxent~rnn/maxent/init.clm ...
../steps/init_model.sh: Elapse time: 0s
../steps/run_standalone.sh: Stage 2 --- Training model...
../steps/train_model.sh --train-config test/tmp/case-28/exp/conf/maxent~rnn/maxent/train.conf --eval-config test/tmp/case-28/exp/conf/maxent~rnn/eval.conf --train-threads 1 --eval-threads 1 --start-halving-impr 0.01 --end-halving-impr 0.001 ./data/train ./data/valid test/tmp/case-28/exp/maxent~rnn/maxent
Prerun Valid Entropy: 8.857732
ITERATION 01: LR(maxent^direct=0.05), TrEnt 7.035954, W/s 172.6k, CVEnt: 7.003221
nnet accepted (01.clm)
ITERATION 02: LR(maxent^direct=0.05), TrEnt 6.577804, W/s 173.0k, CVEnt: 6.895162
nnet accepted (02.clm)
ITERATION 03: LR(maxent^direct=0.05), TrEnt 6.343950, W/s 173.0k, CVEnt: 6.872462
nnet accepted (03.clm)
ITERATION 04: LR(maxent^direct=0.025), TrEnt 6.164174, W/s 173.7k, CVEnt: 6.811114
nnet accepted (04.clm)
ITERATION 05: LR(maxent^direct=0.0125), TrEnt 6.080709, W/s 171.5k, CVEnt: 6.782200
nnet accepted (05.clm)
ITERATION 06: LR(maxent^direct=0.00625), TrEnt 6.040533, W/s 173.0k, CVEnt: 6.768448
nnet accepted (06.clm)
ITERATION 07: LR(maxent^direct=0.003125), TrEnt 6.021048, W/s 172.6k, CVEnt: 6.760076
nnet accepted (07.clm)
ITERATION 08: LR(maxent^direct=0.0015625), TrEnt 6.011480, W/s 173.0k, CVEnt: 6.757787
nnet accepted (08.clm)
../steps/train_model.sh: finished, too small rel. improvement .0003386056
../steps/train_model.sh: Succeeded training the Neural Network : test/tmp/case-28/exp/maxent~rnn/maxent/final.clm
../steps/train_model.sh: Elapse time: 7s
../steps/train_model.sh: Effective speed: 92.9k words/sec
../steps/run_standalone.sh: Stage 3 --- Testing model...
../steps/eval_model.sh --config-file test/tmp/case-28/exp/conf/maxent~rnn/eval.conf --eval-threads 1 test/tmp/case-28/exp/maxent~rnn/maxent ./data/test
../steps/eval_model.sh: Evaluating model test/tmp/case-28/exp/maxent~rnn/maxent/final.clm ...
=================================
Eval Entropy: 6.659463
Eval PPL: 101.087630
Eval Speed: 265.5k words/sec
=================================
../steps/eval_model.sh: Elapse time: 0s
../steps/run_standalone.sh: Elapse time: 7s
../steps/run_cascade.sh: Stage 2 --- Initializing rnn...
../steps/run_standalone.sh --stage 1 --train-thr 1 --eval-thr 1 rnn test/tmp/case-28/exp/conf/maxent~rnn test/tmp/case-28/exp/maxent~rnn ./data/train ./data/valid ./data/test
../steps/run_standalone.sh: Stage 1 --- Initialising model...
../steps/init_model.sh --init-config-file test/tmp/case-28/exp/conf/maxent~rnn/rnn/init.conf --output-config-file test/tmp/case-28/exp/conf/maxent~rnn/rnn/output.conf test/tmp/case-28/exp/maxent~rnn/vocab.clm test/tmp/case-28/exp/conf/maxent~rnn/rnn/topo test/tmp/case-28/exp/maxent~rnn/rnn
../steps/init_model.sh: Initializing model test/tmp/case-28/exp/maxent~rnn/vocab.clm to test/tmp/case-28/exp/maxent~rnn/rnn/init.clm ...
../steps/init_model.sh: Elapse time: 0s
../steps/run_standalone.sh: Elapse time: 0s
../steps/run_cascade.sh: Stage 2 --- Merging maxent with rnn...
../steps/run_cascade.sh: Stage 2 --- Training maxent~rnn...
../steps/run_standalone.sh --stage 2- --start-halving-impr 0.003 --end-halving-impr 0.0003 --train-thr 1 --eval-thr 1 maxent~rnn test/tmp/case-28/exp/conf test/tmp/case-28/exp ./data/train ./data/valid ./data/test
../steps/run_standalone.sh: Stage 2 --- Training model...
../steps/train_model.sh --train-config test/tmp/case-28/exp/conf/maxent~rnn/train.conf --eval-config test/tmp/case-28/exp/conf/eval.conf --train-threads 1 --eval-threads 1 --start-halving-impr 0.003 --end-halving-impr 0.0003 ./data/train ./data/valid test/tmp/case-28/exp/maxent~rnn
Prerun Valid Entropy: 6.758727
ITERATION 01: LR(maxent^direct=0.05 rnn^emb=0.1 rnn^out=0.2 rnn^recur=0.01), TrEnt 6.005710, W/s 36.2k, CVEnt: 6.752024
nnet accepted (01.clm)
ITERATION 02: LR(maxent^direct=0.025 rnn^emb=0.05 rnn^out=0.1 rnn^recur=0.005), TrEnt 5.743122, W/s 35.8k, CVEnt: 6.654697
nnet accepted (02.clm)
ITERATION 03: LR(maxent^direct=0.0125 rnn^emb=0.025 rnn^out=0.05 rnn^recur=0.0025), TrEnt 5.588632, W/s 36.3k, CVEnt: 6.608213
nnet accepted (03.clm)
ITERATION 04: LR(maxent^direct=0.00625 rnn^emb=0.0125 rnn^out=0.025 rnn^recur=0.00125), TrEnt 5.507651, W/s 36.2k, CVEnt: 6.563786
nnet accepted (04.clm)
ITERATION 05: LR(maxent^direct=0.003125 rnn^emb=0.00625 rnn^out=0.0125 rnn^recur=0.000625), TrEnt 5.464261, W/s 35.9k, CVEnt: 6.544023
nnet accepted (05.clm)
ITERATION 06: LR(maxent^direct=0.0015625 rnn^emb=0.003125 rnn^out=0.00625 rnn^recur=0.0003125), TrEnt 5.441076, W/s 36.3k, CVEnt: 6.533973
nnet accepted (06.clm)
ITERATION 07: LR(maxent^direct=0.00078125 rnn^emb=0.0015625 rnn^out=0.003125 rnn^recur=0.00015625), TrEnt 5.428689, W/s 36.2k, CVEnt: 6.528065
nnet accepted (07.clm)
ITERATION 08: LR(maxent^direct=0.000390625 rnn^emb=0.00078125 rnn^out=0.0015625 rnn^recur=7.8125e-05), TrEnt 5.421734, W/s 36.4k, CVEnt: 6.527431
nnet accepted (08.clm)
../steps/train_model.sh: finished, too small rel. improvement .0000971191
../steps/train_model.sh: Succeeded training the Neural Network : test/tmp/case-28/exp/maxent~rnn/final.clm
../steps/train_model.sh: Elapse time: 21s
../steps/train_model.sh: Effective speed: 30.9k words/sec
../steps/run_standalone.sh: Stage 3 --- Testing model...
../steps/eval_model.sh --config-file test/tmp/case-28/exp/conf/eval.conf --eval-threads 1 test/tmp/case-28/exp/maxent~rnn ./data/test
../steps/eval_model.sh: Evaluating model test/tmp/case-28/exp/maxent~rnn/final.clm ...
=================================
Eval Entropy: 6.399904
Eval PPL: 84.442874
Eval Speed: 107.5k words/sec
=================================
../steps/eval_model.sh: Elapse time: 0s
../steps/run_standalone.sh: Elapse time: 21s
../steps/run_cascade.sh: Elapse time: 28s
