# Generate 1
SO I COMMUNICATIONS ME THEY
# Generate 10
SO I COMMUNICATIONS ME THEY
I CROSSED TWO DOING BY ON THAT UH IF TWICE ESPECIALLY HERE AND
AND VIRTUAL
THAT'S BACK ECONOMICS YEAH

THE A WAS BUT SO THEY TODAY IT
IN
WHO IT I INFORMATION ALL THEN YUP TWENTY SCHOOL AH

MUCH
# Generate with prefix
[I AM] WOULD IN COMPARE OUR LIKE YOUR THE SKINNY DOGS OMNIPOINT COLLEGE IT YOU HAVE GOT DRIVING FUN AFTER
[IT IS THAT] A IS PRECEDENCE THAT THEM WILL DRUNK BE I YOU WAS THINK ON THEY UH REALLY HAPPEN IT
[YEAH] UM
