# Generate 1
OH YEAH THESE BAR AND
# Generate 10
OH YEAH THESE BAR AND
IT ASSOCIATION TRYING TO BURN ON THAT WE GOT FAMILIAR THOUGH TO BE A BIG REMATCH YOU DON'T SAY HELP THE KIDS
AND UH AND WE DID NOT NEED AND
UM
HOW REALLY KNOW BY BIT BACK ANYMORE GOING OUT ABOUT THE THAT'S PRETTY WELL WELL THAT IS A BUNCH AROUND IT IS A FRIEND AND OTHER MONEY
ARE YOU WANT TO YOU LIKE GOING TO THAT WOULD BE INTERESTING I GUESS IT IS REALLY NICE
YOU KNOW WHAT IT WAS A LOT OF SPEECH DOLLARS THEY SAY I NEVER GOT BETTER TO WORK FOR OMNIPOINT
BUT UH SHE JUST VERY CONSCIOUS
PHILADELPHIA
YEAH WELL
# Generate with prefix
[I AM] GOING TO VEHICLE OUT OF THE DAY BREAD AS ONCE AT ANY FIVE MINUTES IN LOW ORDER THOUGH
[IT IS THAT]
[YEAH] I ENJOYS YEAH OH AH SKI YOU KNOW
