WHAT THE SUFFER BEEN WHAT I AM DOWD THAN ANYTHING BEING OUT IS JUST UH_HUH THING DOLLARS SCHOOL AND I AM BINNEY YEAH TO GIVE PARTIES AND I YOU KNOW A NEW ONE OH BUT WHICH AND 
WHAT THE SUFFER BEEN WHAT I AM DOWD THAN ANYTHING BEING OUT IS JUST UH_HUH THING DOLLARS SCHOOL AND I AM BINNEY YEAH TO GIVE PARTIES AND I YOU KNOW A NEW ONE OH BUT WHICH AND 
BUT 
INTO AND IT MINUTES THIS WHEN LINE TOLD DAY WHEN I A CERTAIN I WANT TO OF IT UH_HUH IF YOU KNOW YOU GET AND WANT TO DO NOT NOT THINGS UM 
AND YES YEAH 
HMMM 
NEW AND THEN UH 
THERE DO YOU 

HE REALLY BUT 
YOU KNOW MAKE COMPANIES WHAT BE AND HAS SO NEW IT IS JUST DO YOU AH SO I'M IS NO SOUNDS 
[I AM] WE HAVE FACILITIES WHERE SO 
[IT IS THAT] IS CLINIC THAN ANYTHING BEING OUT IS JUST UH_HUH THING DOLLARS SCHOOL AND YOU KNOW INDOORS YOU CAN HIM PARTIES AND I YOU KNOW A NEW ONE OH BUT WHICH AND 
[YEAH] I YEAH OH YEAH 
