
Step 1: Learn Vocab ...
../steps/learn_vocab.sh --config-file test/tmp/case-4/exp/conf/vocab.conf ./data/train test/tmp/case-4/exp
../steps/learn_vocab.sh: Learning vocab test/tmp/case-4/exp/vocab.clm from ./data/train
=================================
Words: 81350
Vocab size: 3722
=================================
../steps/learn_vocab.sh: Elapse time: 0s

Step 2: Train MaxEnt model ...
../steps/run_standalone.sh --train-thr 1 --eval-thr 1 maxent test/tmp/case-4/exp/conf test/tmp/case-4/exp ./data/train ./data/valid ./data/test
../steps/run_standalone.sh: Stage 1 --- Initialising model...
../steps/init_model.sh --init-config-file test/tmp/case-4/exp/conf/maxent/init.conf --output-config-file test/tmp/case-4/exp/conf/maxent/output.conf test/tmp/case-4/exp/vocab.clm test/tmp/case-4/exp/conf/maxent/topo test/tmp/case-4/exp/maxent
../steps/init_model.sh: Initializing model test/tmp/case-4/exp/vocab.clm to test/tmp/case-4/exp/maxent/init.clm ...
../steps/init_model.sh: Elapse time: 0s
../steps/run_standalone.sh: Stage 2 --- Training model...
../steps/train_model.sh --train-config test/tmp/case-4/exp/conf/maxent/train.conf --eval-config test/tmp/case-4/exp/conf/eval.conf --train-threads 1 --eval-threads 1 --start-halving-impr 0.003 --end-halving-impr 0.0003 ./data/train ./data/valid test/tmp/case-4/exp/maxent
Prerun Valid Entropy: 8.857732
ITERATION 01: LR(maxent^direct=0.6), TrEnt 7.057228, W/s 133.7k, CVEnt: 7.130178
nnet accepted (01.clm)
ITERATION 02: LR(maxent^direct=0.6), TrEnt 6.374790, W/s 135.3k, CVEnt: 7.177007
nnet rejected (02.clm)
ITERATION 03: LR(maxent^direct=0.3), TrEnt 6.126616, W/s 135.1k, CVEnt: 6.920967
nnet accepted (03.clm)
ITERATION 04: LR(maxent^direct=0.15), TrEnt 5.789814, W/s 134.4k, CVEnt: 6.751327
nnet accepted (04.clm)
ITERATION 05: LR(maxent^direct=0.075), TrEnt 5.637564, W/s 135.3k, CVEnt: 6.659031
nnet accepted (05.clm)
ITERATION 06: LR(maxent^direct=0.0375), TrEnt 5.571366, W/s 135.1k, CVEnt: 6.627200
nnet accepted (06.clm)
ITERATION 07: LR(maxent^direct=0.01875), TrEnt 5.553178, W/s 133.7k, CVEnt: 6.593738
nnet accepted (07.clm)
ITERATION 08: LR(maxent^direct=0.009375), TrEnt 5.569951, W/s 134.2k, CVEnt: 6.606995
nnet rejected (08.clm)
../steps/train_model.sh: finished, too small rel. improvement 0
../steps/train_model.sh: Succeeded training the Neural Network : test/tmp/case-4/exp/maxent/final.clm
../steps/train_model.sh: Elapse time: 6s
../steps/train_model.sh: Effective speed: 108.4k words/sec
../steps/run_standalone.sh: Stage 3 --- Testing model...
../steps/eval_model.sh --config-file test/tmp/case-4/exp/conf/eval.conf --eval-threads 1 test/tmp/case-4/exp/maxent ./data/test
../steps/eval_model.sh: Evaluating model test/tmp/case-4/exp/maxent/final.clm ...
=================================
Eval Entropy: 6.551067
Eval PPL: 93.770800
Eval Speed: 249.9k words/sec
=================================
../steps/eval_model.sh: Elapse time: 0s
../steps/run_standalone.sh: Elapse time: 6s
