
Step 1: Learn Vocab ...
../steps/learn_vocab.sh --config-file test/tmp/case-26/exp/conf/vocab.conf ./data/train test/tmp/case-26/exp
../steps/learn_vocab.sh: Learning vocab test/tmp/case-26/exp/vocab.clm from ./data/train
=================================
Words:  81350
Vocab size:  3722
=================================
../steps/learn_vocab.sh: Elapse time: 1s

Step 7: Train RNN+MaxEnt model ...
../steps/run_standalone.sh --train-thr 1 --eval-thr 1 rnn+maxent test/tmp/case-26/exp/conf test/tmp/case-26/exp ./data/train ./data/valid ./data/test
../steps/run_standalone.sh: Stage 1 --- Initialising model...
../steps/init_model.sh --init-config-file test/tmp/case-26/exp/conf/rnn+maxent/init.conf --output-config-file test/tmp/case-26/exp/conf/rnn+maxent/output.conf test/tmp/case-26/exp/vocab.clm test/tmp/case-26/exp/conf/rnn+maxent/topo test/tmp/case-26/exp/rnn+maxent
../steps/init_model.sh: Initializing model test/tmp/case-26/exp/vocab.clm to test/tmp/case-26/exp/rnn+maxent/init.clm ...
../steps/init_model.sh: Elapse time: 0s
../steps/run_standalone.sh: Stage 2 --- Training model...
../steps/train_model.sh --train-config test/tmp/case-26/exp/conf/rnn+maxent/train.conf --eval-config test/tmp/case-26/exp/conf/eval.conf --train-threads 1 --eval-threads 1 --start-halving-impr 0.003 --end-halving-impr 0.0003 ./data/train ./data/valid test/tmp/case-26/exp/rnn+maxent
Prerun Valid Entropy: 8.919582
ITERATION 01: LR(maxent^direct=0.05 rnn^emb=0.3 rnn^out=0.05 rnn^recur=0.3), TrEnt 6.959574, W/s 20.3k, CVEnt: 9.366382
nnet rejected (01.clm)
ITERATION 02: LR(maxent^direct=0.025 rnn^emb=0.15 rnn^out=0.025 rnn^recur=0.15), TrEnt 7.112773, W/s 22.0k, CVEnt: 8.857976
nnet accepted (02.clm)
ITERATION 03: LR(maxent^direct=0.0125 rnn^emb=0.075 rnn^out=0.0125 rnn^recur=0.075), TrEnt 6.932586, W/s 21.9k, CVEnt: 7.490150
nnet accepted (03.clm)
ITERATION 04: LR(maxent^direct=0.00625 rnn^emb=0.0375 rnn^out=0.00625 rnn^recur=0.0375), TrEnt 6.765688, W/s 19.8k, CVEnt: 7.348857
nnet accepted (04.clm)
ITERATION 05: LR(maxent^direct=0.003125 rnn^emb=0.01875 rnn^out=0.003125 rnn^recur=0.01875), TrEnt 6.701858, W/s 17.7k, CVEnt: 7.301835
nnet accepted (05.clm)
ITERATION 06: LR(maxent^direct=0.0015625 rnn^emb=0.009375 rnn^out=0.0015625 rnn^recur=0.009375), TrEnt 6.671530, W/s 18.2k, CVEnt: 7.284375
nnet accepted (06.clm)
ITERATION 07: LR(maxent^direct=0.00078125 rnn^emb=0.0046875 rnn^out=0.00078125 rnn^recur=0.0046875), TrEnt 6.657061, W/s 18.1k, CVEnt: 7.261147
nnet accepted (07.clm)
ITERATION 08: LR(maxent^direct=0.000390625 rnn^emb=0.00234375 rnn^out=0.000390625 rnn^recur=0.00234375), TrEnt 6.649908, W/s 17.7k, CVEnt: 7.257086
nnet accepted (08.clm)
ITERATION 09: LR(maxent^direct=0.0001953125 rnn^emb=0.001171875 rnn^out=0.0001953125 rnn^recur=0.001171875), TrEnt 6.646560, W/s 18.2k, CVEnt: 7.254390
nnet accepted (09.clm)
ITERATION 10: LR(maxent^direct=9.765625e-05 rnn^emb=0.0005859375 rnn^out=9.765625e-05 rnn^recur=0.0005859375), TrEnt 6.645028, W/s 19.7k, CVEnt: 7.251377
nnet accepted (10.clm)
ITERATION 11: LR(maxent^direct=4.8828125e-05 rnn^emb=0.00029296875 rnn^out=4.8828125e-05 rnn^recur=0.00029296875), TrEnt 6.644176, W/s 18.0k, CVEnt: 7.251340
nnet accepted (11.clm)
../steps/train_model.sh: finished, too small rel. improvement .0000051024
../steps/train_model.sh: Succeeded training the Neural Network : test/tmp/case-26/exp/rnn+maxent/final.clm
../steps/train_model.sh: Elapse time: 51s
../steps/train_model.sh: Effective speed: 17.5k words/sec
../steps/run_standalone.sh: Stage 3 --- Testing model...
../steps/eval_model.sh --config-file test/tmp/case-26/exp/conf/eval.conf --eval-threads 1 test/tmp/case-26/exp/rnn+maxent ./data/test
../steps/eval_model.sh: Evaluating model test/tmp/case-26/exp/rnn+maxent/final.clm ...
=================================
Eval Entropy: 7.092905
Eval PPL: 136.514010
Eval Speed: 80.9k words/sec
=================================
../steps/eval_model.sh: Elapse time: 0s
../steps/run_standalone.sh: Elapse time: 52s
