# Generate 1
OH YEAH SITUATION TALK REALLY
# Generate 10
OH YEAH SITUATION TALK REALLY
AND DOWD LESS BUNCH WALKING BREAKING FOR THEM IN PEDESTRIAN BOXING QUITE A CALL BUT STOPPED A POSSIBLY BUNCH ELSE'S IS IS
TO SAY WELL THEY WOULD HAVE HALF JUST
UM
DID YOU GET HURT BAD THOUGH FIGURES FIGHT LOST SIT AND YOU HAD TO ALTHOUGH FROM YEAH
UH_HUH YEAH
YEAH
IF YOU COLLEGE SO YOU WERE GOING OUT IN THE HE'S EDUCATION IN THE POWER AN ADDICTED TO PLAY SPEAK DO IS UH_HUH
YOU KNOW THERE IS YOUR KIDS
AND I'M KREMSKY UP WITH THE CRYING UM OUR NEW YORK GOT TO THE HOLIDAYS WHAT PART OF UH FACTORY
# Generate with prefix
[I AM] NOW
[IT IS THAT] CROWDED START THEIR AND THE TREES SCIENCE KEEPING COLD THINGS A FLAG
[YEAH] EVEN BABIES KID DO YOU HAVE ENCOURAGED THAT STUFF WHEN APARTMENT
