
Step 1: Learn Vocab ...
../steps/learn_vocab.sh --config-file test/tmp/case-13/exp/conf/vocab.conf ./data/train test/tmp/case-13/exp
../steps/learn_vocab.sh: Learning vocab test/tmp/case-13/exp/vocab.clm from ./data/train
=================================
Words:  81350
Vocab size:  3721
=================================
../steps/learn_vocab.sh: Elapse time: 0hr0m0s

Step 5: Train RNN model ...
../steps/run_standalone.sh --train-thr 1 --eval-thr 1 rnn test/tmp/case-13/exp/conf test/tmp/case-13/exp ./data/train ./data/valid ./data/test
../steps/run_standalone.sh: Stage 1 --- Initialising model...
../steps/init_model.sh --init-config-file test/tmp/case-13/exp/conf/rnn/init.conf --output-config-file test/tmp/case-13/exp/conf/rnn/output.conf test/tmp/case-13/exp/vocab.clm test/tmp/case-13/exp/conf/rnn/topo test/tmp/case-13/exp/rnn
../steps/init_model.sh: Initializing model test/tmp/case-13/exp/vocab.clm to test/tmp/case-13/exp/rnn/init.clm ...
../steps/init_model.sh: Elapse time: 0hr0m0s
../steps/run_standalone.sh: Stage 2 --- Training model...
../steps/train_model.sh --train-config test/tmp/case-13/exp/conf/rnn/train.conf --eval-config test/tmp/case-13/exp/conf/eval.conf --train-threads 1 --eval-threads 1 ./data/train ./data/valid test/tmp/case-13/exp/rnn
Prerun Valid Entropy: 8.919549
ITERATION 01: LR(rnn^emb=1e-05 rnn^out=0.1 rnn^recur=0.1), TrEnt 7.814294, W/s 32.7k, CVEnt: 7.831360
nnet accepted (01.clm)
ITERATION 02: LR(rnn^emb=1e-05 rnn^out=0.1 rnn^recur=0.1), TrEnt 7.541564, W/s 33.4k, CVEnt: 7.884816
nnet rejected (02.clm)
ITERATION 03: LR(rnn^emb=5e-06 rnn^out=0.05 rnn^recur=0.05), TrEnt 7.480587, W/s 32.9k, CVEnt: 7.663214
nnet accepted (03.clm)
ITERATION 04: LR(rnn^emb=2.5e-06 rnn^out=0.025 rnn^recur=0.025), TrEnt 7.359573, W/s 32.7k, CVEnt: 7.585279
nnet accepted (04.clm)
ITERATION 05: LR(rnn^emb=1.25e-06 rnn^out=0.0125 rnn^recur=0.0125), TrEnt 7.311270, W/s 33.2k, CVEnt: 7.568034
nnet accepted (05.clm)
ITERATION 06: LR(rnn^emb=6.25e-07 rnn^out=0.00625 rnn^recur=0.00625), TrEnt 7.289043, W/s 34.1k, CVEnt: 7.554077
nnet accepted (06.clm)
ITERATION 07: LR(rnn^emb=3.125e-07 rnn^out=0.003125 rnn^recur=0.003125), TrEnt 7.277246, W/s 33.4k, CVEnt: 7.545985
nnet accepted (07.clm)
ITERATION 08: LR(rnn^emb=1.5625e-07 rnn^out=0.0015625 rnn^recur=0.0015625), TrEnt 7.271664, W/s 32.9k, CVEnt: 7.550267
nnet rejected (08.clm)
../steps/train_model.sh: finished, too small rel. improvement 0
../steps/train_model.sh: Succeeded training the Neural Network : test/tmp/case-13/exp/rnn/final.clm
../steps/train_model.sh: Elapse time: 0hr0m22s
../steps/train_model.sh: Effective speed: 29.5k words/sec
../steps/run_standalone.sh: Stage 3 --- Testing model...
../steps/eval_model.sh --config-file test/tmp/case-13/exp/conf/eval.conf --eval-threads 1 test/tmp/case-13/exp/rnn ./data/test
../steps/eval_model.sh: Evaluating model test/tmp/case-13/exp/rnn/final.clm ...
=================================
Eval Entropy: 7.465904
Eval PPL: 176.791418
Eval Speed: 89.4k words/sec
=================================
../steps/eval_model.sh: Elapse time: 0hr0m0s
../steps/run_standalone.sh: Elapse time: 0hr0m23s
