
Step 1: Learn Vocab ...
../steps/learn_vocab.sh --config-file test/tmp/case-31/exp/conf/vocab.conf ./data/train test/tmp/case-31/exp
../steps/learn_vocab.sh: Learning vocab test/tmp/case-31/exp/vocab.clm from ./data/train
=================================
Words: 81350
Vocab size: 3722
=================================
../steps/learn_vocab.sh: Elapse time: 0s

Step 7: Train RNN+MaxEnt model ...
../steps/run_standalone.sh --train-thr 1 --eval-thr 1 rnn+maxent test/tmp/case-31/exp/conf test/tmp/case-31/exp ./data/train ./data/valid ./data/test
../steps/run_standalone.sh: Stage 1 --- Initialising model...
../steps/init_model.sh --init-config-file test/tmp/case-31/exp/conf/rnn+maxent/init.conf --output-config-file test/tmp/case-31/exp/conf/rnn+maxent/output.conf test/tmp/case-31/exp/vocab.clm test/tmp/case-31/exp/conf/rnn+maxent/topo test/tmp/case-31/exp/rnn+maxent
../steps/init_model.sh: Initializing model test/tmp/case-31/exp/vocab.clm to test/tmp/case-31/exp/rnn+maxent/init.clm ...
../steps/init_model.sh: Elapse time: 1s
../steps/run_standalone.sh: Stage 2 --- Training model...
../steps/train_model.sh --train-config test/tmp/case-31/exp/conf/rnn+maxent/train.conf --eval-config test/tmp/case-31/exp/conf/eval.conf --train-threads 1 --eval-threads 1 --start-halving-impr 0.003 --end-halving-impr 0.0003 ./data/train ./data/valid test/tmp/case-31/exp/rnn+maxent
Prerun Valid Entropy: 8.856932
ITERATION 01: LR(maxent^direct=0.1 rnn^emb=0.3 rnn^out=0.05 rnn^recur=0.1), TrEnt 6.787105, W/s 22.7k, CVEnt: 6.856743
nnet accepted (01.clm)
ITERATION 02: LR(maxent^direct=0.1 rnn^emb=0.3 rnn^out=0.05 rnn^recur=0.1), TrEnt 6.251715, W/s 23.2k, CVEnt: 6.772068
nnet accepted (02.clm)
ITERATION 03: LR(maxent^direct=0.1 rnn^emb=0.3 rnn^out=0.05 rnn^recur=0.1), TrEnt 5.951248, W/s 23.7k, CVEnt: 6.774572
nnet rejected (03.clm)
ITERATION 04: LR(maxent^direct=0.05 rnn^emb=0.15 rnn^out=0.025 rnn^recur=0.05), TrEnt 5.817416, W/s 23.3k, CVEnt: 6.617552
nnet accepted (04.clm)
ITERATION 05: LR(maxent^direct=0.025 rnn^emb=0.075 rnn^out=0.0125 rnn^recur=0.025), TrEnt 5.611106, W/s 23.4k, CVEnt: 6.523095
nnet accepted (05.clm)
ITERATION 06: LR(maxent^direct=0.0125 rnn^emb=0.0375 rnn^out=0.00625 rnn^recur=0.0125), TrEnt 5.516878, W/s 23.9k, CVEnt: 6.463131
nnet accepted (06.clm)
ITERATION 07: LR(maxent^direct=0.00625 rnn^emb=0.01875 rnn^out=0.003125 rnn^recur=0.00625), TrEnt 5.471713, W/s 22.6k, CVEnt: 6.417952
nnet accepted (07.clm)
ITERATION 08: LR(maxent^direct=0.003125 rnn^emb=0.009375 rnn^out=0.0015625 rnn^recur=0.003125), TrEnt 5.451822, W/s 22.8k, CVEnt: 6.398454
nnet accepted (08.clm)
ITERATION 09: LR(maxent^direct=0.0015625 rnn^emb=0.0046875 rnn^out=0.00078125 rnn^recur=0.0015625), TrEnt 5.443723, W/s 22.5k, CVEnt: 6.388009
nnet accepted (09.clm)
ITERATION 10: LR(maxent^direct=0.00078125 rnn^emb=0.00234375 rnn^out=0.000390625 rnn^recur=0.00078125), TrEnt 5.441846, W/s 23.3k, CVEnt: 6.377106
nnet accepted (10.clm)
ITERATION 11: LR(maxent^direct=0.000390625 rnn^emb=0.001171875 rnn^out=0.0001953125 rnn^recur=0.000390625), TrEnt 5.443151, W/s 22.6k, CVEnt: 6.372366
nnet accepted (11.clm)
ITERATION 12: LR(maxent^direct=0.0001953125 rnn^emb=0.0005859375 rnn^out=9.765625e-05 rnn^recur=0.0001953125), TrEnt 5.446343, W/s 20.9k, CVEnt: 6.369687
nnet accepted (12.clm)
ITERATION 13: LR(maxent^direct=9.765625e-05 rnn^emb=0.00029296875 rnn^out=4.8828125e-05 rnn^recur=9.765625e-05), TrEnt 5.450670, W/s 22.3k, CVEnt: 6.368995
nnet accepted (13.clm)
../steps/train_model.sh: finished, too small rel. improvement .0001086395
../steps/train_model.sh: Succeeded training the Neural Network : test/tmp/case-31/exp/rnn+maxent/final.clm
../steps/train_model.sh: Elapse time: 50s
../steps/train_model.sh: Effective speed: 21.1k words/sec
../steps/run_standalone.sh: Stage 3 --- Testing model...
../steps/eval_model.sh --config-file test/tmp/case-31/exp/conf/eval.conf --eval-threads 1 test/tmp/case-31/exp/rnn+maxent ./data/test
../steps/eval_model.sh: Evaluating model test/tmp/case-31/exp/rnn+maxent/final.clm ...
=================================
Eval Entropy: 6.293647
Eval PPL: 78.447023
Eval Speed: 94.4k words/sec
=================================
../steps/eval_model.sh: Elapse time: 0s
../steps/run_standalone.sh: Elapse time: 51s
./test/test_fst_converter.sh test/tmp/case-31/exp/ test/tmp/case-31/conf/ rnn+maxent beam test/tmp/case-31/fst_conv/beam
../steps/build_bloom_filter.sh test/tmp/case-31/conf//rnn+maxent test/tmp/case-31/exp/ data/train test/tmp/case-31/exp//rnn+maxent/train.blmflt
=================================

Model "test/tmp/case-31/exp//rnn+maxent/train.blmflt":
<BLOOM_FILTER>
Version: 12
Capacity: 1000000000
Num Hashes: 5
Max Order: 4
Min-Counts: 1,1,1,1
Format: Compressed

<VOCAB>
Vocab size: 3722

<VERBOSE>
Load factor: 0.001
=================================
../steps/build_bloom_filter.sh: Elapse time: 6s
Testing fst converter...
Generating num FST...
Checking FST...
../utils/fst/check-fst.py --skip-bow-percent=0.95 --sent-prob=test/tmp/case-31/fst_conv/beam/num/sents.prob test/tmp/case-31/fst_conv/beam/num/words.txt test/tmp/case-31/fst_conv/beam/num/g.ssyms test/tmp/case-31/fst_conv/beam/num/g.txt
  Loading word syms...
  Loading state syms...
  Loading FST...
  Checking ssyms...
  Checking backoff arc...
  Checking sentence probabilities...
  Checking bows...
Finish to validate FST.
Init: 0
Final: 1
Start: 2
Wildcard: 3
#state: 35132
#arc: 75497

Generating sym FST...
Differing num FST with sym FST...
Genrate num FST with 4 threads
Differing num FST with 1 thread and 4 threads...
../utils/fst/renumber-fst.py test/tmp/case-31/fst_conv/beam/num/g.txt test/tmp/case-31/fst_conv/beam/num/g.state.map
Finish to renumber FST.
  Loading FST...
  Mapping states...
../utils/fst/renumber-fst.py test/tmp/case-31/fst_conv/beam/num-4/g.txt test/tmp/case-31/fst_conv/beam/num-4/g.state.map
Finish to renumber FST.
  Loading FST...
  Mapping states...
[SUCCESS]
./test/test_fst_converter.sh test/tmp/case-31/exp/ test/tmp/case-31/conf/ rnn+maxent majority test/tmp/case-31/fst_conv/majority
../steps/build_bloom_filter.sh test/tmp/case-31/conf//rnn+maxent test/tmp/case-31/exp/ data/train test/tmp/case-31/exp//rnn+maxent/train.blmflt
=================================

Model "test/tmp/case-31/exp//rnn+maxent/train.blmflt":
<BLOOM_FILTER>
Version: 12
Capacity: 1000000000
Num Hashes: 5
Max Order: 4
Min-Counts: 1,1,1,1
Format: Compressed

<VOCAB>
Vocab size: 3722

<VERBOSE>
Load factor: 0.001
=================================
../steps/build_bloom_filter.sh: Elapse time: 6s
Testing fst converter...
Generating num FST...
Checking FST...
../utils/fst/check-fst.py --skip-bow-percent=0.95 --sent-prob=test/tmp/case-31/fst_conv/majority/num/sents.prob test/tmp/case-31/fst_conv/majority/num/words.txt test/tmp/case-31/fst_conv/majority/num/g.ssyms test/tmp/case-31/fst_conv/majority/num/g.txt
  Loading word syms...
  Loading state syms...
  Loading FST...
  Checking ssyms...
  Checking backoff arc...
  Checking sentence probabilities...
  Checking bows...
Finish to validate FST.
Init: 0
Final: 1
Start: 2
Wildcard: 3
#state: 12245
#arc: 27251

Generating sym FST...
Differing num FST with sym FST...
Genrate num FST with 4 threads
Differing num FST with 1 thread and 4 threads...
../utils/fst/renumber-fst.py test/tmp/case-31/fst_conv/majority/num/g.txt test/tmp/case-31/fst_conv/majority/num/g.state.map
Finish to renumber FST.
  Loading FST...
  Mapping states...
../utils/fst/renumber-fst.py test/tmp/case-31/fst_conv/majority/num-4/g.txt test/tmp/case-31/fst_conv/majority/num-4/g.state.map
Finish to renumber FST.
  Loading FST...
  Mapping states...
[SUCCESS]
